------------------------------------------------------------
Server listening on UDP port 6002 with pid 13616
Joining multicast group  ff38::2
Read buffer size: 1.44 KByte (Dist bin width= 183 Byte)
Server set to single client traffic mode (per multicast receive)
UDP buffer size:  208 KByte (default)
------------------------------------------------------------
[  1] local ff38::2%h6-eth0 port 6002 connected with 2001:db8::4 port 33466 (sock=3) (peer 2.1.5) on 2025-07-02 13:01:55 (CST)
[ ID] Interval            Transfer     Bandwidth        Jitter   Lost/Total  Latency avg/min/max/stdev PPS NetPwr
[  1] 0.0000-1.0000 sec  2.27 MBytes  19.1 Mbits/sec   0.164 ms 0/1643 (0%) 32.439/6.711/51.551/11.221 ms 1644 pps 73
[  1] 1.0000-2.0000 sec  2.28 MBytes  19.2 Mbits/sec   1.194 ms 0/1652 (0%) 44.155/28.489/57.414/8.583 ms 1651 pps 54
[  1] 2.0000-3.0000 sec  2.28 MBytes  19.2 Mbits/sec   1.192 ms 0/1651 (0%) 42.767/28.587/57.460/8.185 ms 1651 pps 56
[  1] 3.0000-4.0000 sec  2.29 MBytes  19.2 Mbits/sec   1.223 ms 0/1654 (0%) 42.723/28.466/57.332/8.185 ms 1653 pps 56
[  1] 4.0000-5.0000 sec  2.28 MBytes  19.1 Mbits/sec   1.430 ms 0/1649 (0%) 42.844/28.531/57.413/8.194 ms 1650 pps 56
[  1] 5.0000-6.0000 sec  2.29 MBytes  19.2 Mbits/sec   1.344 ms 0/1653 (0%) 42.719/28.318/56.948/8.194 ms 1653 pps 56
[  1] 6.0000-7.0000 sec  2.29 MBytes  19.2 Mbits/sec   1.371 ms 0/1653 (0%) 42.639/27.840/56.988/8.201 ms 1653 pps 56
[  1] 7.0000-8.0000 sec  2.29 MBytes  19.2 Mbits/sec   1.325 ms 0/1654 (0%) 42.654/27.619/56.980/8.201 ms 1654 pps 56
[  1] 8.0000-9.0000 sec  2.29 MBytes  19.2 Mbits/sec   1.326 ms 0/1653 (0%) 42.689/28.410/57.091/8.200 ms 1653 pps 56
[  1] 9.0000-10.0000 sec  2.29 MBytes  19.2 Mbits/sec   1.535 ms 0/1654 (0%) 42.671/26.631/57.298/8.255 ms 1653 pps 56
[  1] 10.0000-11.0000 sec  2.29 MBytes  19.2 Mbits/sec   1.877 ms 0/1653 (0%) 42.704/26.828/57.033/8.218 ms 1654 pps 56
[  1] 11.0000-12.0000 sec  2.29 MBytes  19.2 Mbits/sec   1.601 ms 0/1654 (0%) 42.652/28.459/57.112/8.219 ms 1653 pps 56
[  1] 12.0000-13.0000 sec  2.28 MBytes  19.2 Mbits/sec   1.319 ms 0/1652 (0%) 42.761/28.444/56.952/8.201 ms 1653 pps 56
[  1] 13.0000-14.0000 sec  2.29 MBytes  19.2 Mbits/sec   1.001 ms 0/1655 (0%) 42.809/28.525/57.027/8.178 ms 1654 pps 56
[  1] 14.0000-15.0000 sec  2.29 MBytes  19.2 Mbits/sec   0.877 ms 0/1653 (0%) 42.767/28.475/57.026/8.206 ms 1653 pps 56
[  1] 15.0000-16.0000 sec  2.29 MBytes  19.2 Mbits/sec   0.794 ms 0/1653 (0%) 42.762/28.473/56.997/8.215 ms 1653 pps 56
[  1] 16.0000-17.0000 sec  2.29 MBytes  19.2 Mbits/sec   0.707 ms 0/1654 (0%) 42.861/28.480/57.120/8.213 ms 1654 pps 56
[  1] 17.0000-18.0000 sec  2.29 MBytes  19.2 Mbits/sec   2.053 ms 0/1653 (0%) 42.741/28.578/56.995/8.227 ms 1654 pps 56
[  1] 18.0000-19.0000 sec  2.29 MBytes  19.2 Mbits/sec   1.623 ms 0/1654 (0%) 42.687/28.511/56.981/8.228 ms 1653 pps 56
[  1] 19.0000-20.0000 sec  2.29 MBytes  19.2 Mbits/sec   1.234 ms 0/1653 (0%) 42.770/28.534/56.938/8.188 ms 1653 pps 56
[  1] 20.0000-21.0000 sec  2.29 MBytes  19.2 Mbits/sec   0.965 ms 0/1654 (0%) 42.744/28.499/56.955/8.189 ms 1653 pps 56
[  1] 21.0000-22.0000 sec  2.29 MBytes  19.2 Mbits/sec   0.839 ms 0/1653 (0%) 42.679/28.509/57.123/8.186 ms 1653 pps 56
[  1] 22.0000-23.0000 sec  2.29 MBytes  19.2 Mbits/sec   0.797 ms 0/1653 (0%) 42.742/28.372/56.979/8.179 ms 1653 pps 56
[  1] 23.0000-24.0000 sec  2.29 MBytes  19.2 Mbits/sec   0.779 ms 0/1654 (0%) 42.683/26.181/56.973/8.186 ms 1653 pps 56
[  1] 24.0000-25.0000 sec  2.29 MBytes  19.2 Mbits/sec   0.728 ms 0/1653 (0%) 42.760/28.351/57.031/8.173 ms 1653 pps 56
[  1] 25.0000-26.0000 sec  2.29 MBytes  19.2 Mbits/sec   2.187 ms 0/1654 (0%) 42.684/28.333/57.019/8.207 ms 1653 pps 56
[  1] 26.0000-27.0000 sec  2.29 MBytes  19.2 Mbits/sec   2.060 ms 0/1653 (0%) 42.714/28.481/57.075/8.221 ms 1653 pps 56
[  1] 27.0000-28.0000 sec  2.29 MBytes  19.2 Mbits/sec   1.471 ms 0/1654 (0%) 42.712/28.549/56.918/8.165 ms 1653 pps 56
[  1] 28.0000-29.0000 sec  2.28 MBytes  19.2 Mbits/sec   1.275 ms 0/1652 (0%) 42.791/28.226/56.984/8.166 ms 1653 pps 56
[  1] 29.0000-30.0000 sec  2.29 MBytes  19.2 Mbits/sec   1.135 ms 0/1654 (0%) 42.730/28.454/56.944/8.194 ms 1653 pps 56
[  1] 30.0000-31.0000 sec  2.29 MBytes  19.2 Mbits/sec   0.913 ms 0/1653 (0%) 42.695/28.503/56.978/8.167 ms 1653 pps 56
[  1] 31.0000-32.0000 sec  2.29 MBytes  19.2 Mbits/sec   0.798 ms 0/1654 (0%) 42.754/28.663/56.893/8.158 ms 1654 pps 56
[  1] 32.0000-33.0000 sec  2.29 MBytes  19.2 Mbits/sec   0.768 ms 0/1653 (0%) 42.732/28.451/56.982/8.209 ms 1653 pps 56
[  1] 33.0000-34.0000 sec  2.29 MBytes  19.2 Mbits/sec   0.736 ms 0/1654 (0%) 42.705/28.487/57.020/8.231 ms 1654 pps 56
[  1] 33.0000-34.0000 sec  1 datagrams received out-of-order
[  1] 34.0000-35.0000 sec  2.29 MBytes  19.2 Mbits/sec   0.703 ms 0/1653 (0%) 42.744/28.513/57.074/8.213 ms 1653 pps 56
[  1] 35.0000-36.0000 sec  2.29 MBytes  19.2 Mbits/sec   0.720 ms 0/1653 (0%) 42.683/28.245/57.129/8.239 ms 1653 pps 56
[  1] 35.0000-36.0000 sec  1 datagrams received out-of-order
[  1] 36.0000-37.0000 sec  2.29 MBytes  19.2 Mbits/sec   2.085 ms 0/1654 (0%) 42.717/28.507/57.195/8.250 ms 1654 pps 56
[  1] 37.0000-38.0000 sec  2.29 MBytes  19.2 Mbits/sec   1.501 ms 0/1653 (0%) 42.620/28.516/56.948/8.237 ms 1653 pps 56
[  1] 38.0000-39.0000 sec  2.29 MBytes  19.2 Mbits/sec   1.483 ms 0/1653 (0%) 42.698/28.505/56.974/8.244 ms 1653 pps 56
[  1] 39.0000-40.0000 sec  2.29 MBytes  19.2 Mbits/sec   1.178 ms 0/1654 (0%) 42.682/28.497/56.953/8.203 ms 1653 pps 56
[  1] 40.0000-41.0000 sec  2.29 MBytes  19.2 Mbits/sec   1.113 ms 0/1653 (0%) 42.668/26.785/57.020/8.233 ms 1654 pps 56
[  1] 41.0000-42.0000 sec  2.29 MBytes  19.2 Mbits/sec   0.954 ms 0/1654 (0%) 42.678/28.484/56.970/8.211 ms 1653 pps 56
[  1] 42.0000-43.0000 sec  2.29 MBytes  19.2 Mbits/sec   0.873 ms 0/1653 (0%) 42.737/28.486/56.946/8.172 ms 1653 pps 56
[  1] 43.0000-44.0000 sec  2.29 MBytes  19.2 Mbits/sec   0.805 ms 0/1653 (0%) 42.705/28.499/57.082/8.184 ms 1653 pps 56
[  1] 44.0000-45.0000 sec  2.29 MBytes  19.2 Mbits/sec   0.757 ms 0/1653 (0%) 42.711/28.171/57.024/8.185 ms 1654 pps 56
[  1] 45.0000-46.0000 sec  2.29 MBytes  19.2 Mbits/sec   0.788 ms 0/1654 (0%) 42.645/26.180/57.093/8.237 ms 1654 pps 56
[  1] 46.0000-47.0000 sec  2.29 MBytes  19.2 Mbits/sec   0.791 ms 0/1653 (0%) 42.673/28.469/57.103/8.208 ms 1653 pps 56
[  1] 47.0000-48.0000 sec  2.29 MBytes  19.2 Mbits/sec   0.772 ms 0/1653 (0%) 42.736/28.378/57.093/8.177 ms 1653 pps 56
[  1] 48.0000-49.0000 sec  2.29 MBytes  19.2 Mbits/sec   0.708 ms 0/1654 (0%) 42.754/28.488/57.065/8.232 ms 1654 pps 56
[  1] 49.0000-50.0000 sec  2.29 MBytes  19.2 Mbits/sec   2.172 ms 0/1653 (0%) 42.680/28.507/56.984/8.244 ms 1653 pps 56
[  1] 50.0000-51.0000 sec  2.29 MBytes  19.2 Mbits/sec   1.472 ms 0/1654 (0%) 42.590/28.529/56.962/8.181 ms 1653 pps 56
[  1] 51.0000-52.0000 sec  2.29 MBytes  19.2 Mbits/sec   1.274 ms 0/1653 (0%) 42.657/28.369/56.883/8.179 ms 1653 pps 56
[  1] 52.0000-53.0000 sec  2.29 MBytes  19.2 Mbits/sec   1.227 ms 0/1654 (0%) 42.702/28.331/57.247/8.213 ms 1653 pps 56
[  1] 53.0000-54.0000 sec  2.29 MBytes  19.2 Mbits/sec   1.090 ms 0/1653 (0%) 42.654/28.476/56.943/8.186 ms 1653 pps 56
[  1] 54.0000-55.0000 sec  2.29 MBytes  19.2 Mbits/sec   0.954 ms 0/1653 (0%) 42.756/28.269/57.056/8.174 ms 1653 pps 56
[  1] 55.0000-56.0000 sec  2.29 MBytes  19.2 Mbits/sec   0.933 ms 0/1654 (0%) 42.733/27.990/57.016/8.193 ms 1653 pps 56
[  1] 56.0000-57.0000 sec  2.29 MBytes  19.2 Mbits/sec   0.839 ms 0/1653 (0%) 42.766/28.548/56.936/8.153 ms 1654 pps 56
[  1] 57.0000-58.0000 sec  2.29 MBytes  19.2 Mbits/sec   0.742 ms 0/1654 (0%) 42.778/28.602/56.994/8.189 ms 1653 pps 56
[  1] 58.0000-59.0000 sec  2.29 MBytes  19.2 Mbits/sec   2.400 ms 0/1653 (0%) 42.784/28.569/56.942/8.231 ms 1653 pps 56
[  1] 59.0000-60.0000 sec  2.29 MBytes  19.2 Mbits/sec   1.695 ms 0/1653 (0%) 42.628/28.548/56.968/8.225 ms 1653 pps 56
[  1] 60.0000-61.0000 sec  2.29 MBytes  19.2 Mbits/sec   1.288 ms 0/1654 (0%) 42.658/28.537/56.970/8.202 ms 1654 pps 56
[  1] 61.0000-62.0000 sec  2.29 MBytes  19.2 Mbits/sec   1.059 ms 0/1653 (0%) 42.687/28.513/57.116/8.175 ms 1653 pps 56
[  1] 62.0000-63.0000 sec  2.29 MBytes  19.2 Mbits/sec   0.896 ms 0/1654 (0%) 42.699/28.569/56.987/8.167 ms 1653 pps 56
[  1] 63.0000-64.0000 sec  2.29 MBytes  19.2 Mbits/sec   0.812 ms 0/1653 (0%) 42.736/28.383/56.958/8.182 ms 1653 pps 56
[  1] 64.0000-65.0000 sec  2.29 MBytes  19.2 Mbits/sec   0.782 ms 0/1653 (0%) 42.709/28.487/57.082/8.187 ms 1653 pps 56
[  1] 65.0000-66.0000 sec  2.29 MBytes  19.2 Mbits/sec   0.715 ms 0/1654 (0%) 42.732/28.480/56.992/8.231 ms 1654 pps 56
[  1] 66.0000-67.0000 sec  2.29 MBytes  19.2 Mbits/sec   1.876 ms 0/1654 (0%) 42.745/28.422/57.069/8.246 ms 1654 pps 56
[  1] 67.0000-68.0000 sec  2.29 MBytes  19.2 Mbits/sec   1.532 ms 0/1653 (0%) 42.767/28.489/57.155/8.228 ms 1653 pps 56
Waiting for server threads to complete. Interrupt again to force quit.
[  1] 68.0000-68.2737 sec   641 KBytes  19.2 Mbits/sec   0.726 ms 0/453 (0%) 42.828/28.572/56.972/8.059 ms 1653 pps 56
[  1] 0.0000-68.2737 sec   156 MBytes  19.2 Mbits/sec   0.726 ms 0/112866 (0%) 42.588/6.711/57.460/8.350 ms 1653 pps 56
[  1] 0.0000-68.2737 sec  2 datagrams received out-of-order
