------------------------------------------------------------
Server listening on UDP port 6004 with pid 14156
Joining multicast group  ff38::4
Read buffer size: 1.44 KByte (Dist bin width= 183 Byte)
Server set to single client traffic mode (per multicast receive)
UDP buffer size:  208 KByte (default)
------------------------------------------------------------
[  1] local ff38::4%h3-eth0 port 6004 connected with 2001:db8::6 port 47231 (sock=3) (peer 2.1.5) on 2025-07-02 13:02:00 (CST)
[ ID] Interval            Transfer     Bandwidth        Jitter   Lost/Total  Latency avg/min/max/stdev PPS NetPwr
[  1] 0.0000-1.0000 sec  2.01 MBytes  16.8 Mbits/sec   0.139 ms 0/1450 (0%) 0.791/0.226/9.725/1.352 ms 1451 pps 2658
[  1] 0.0000-1.0000 sec  1 datagrams received out-of-order
[  1] 1.0000-2.0000 sec  2.00 MBytes  16.8 Mbits/sec   0.112 ms 0/1446 (0%) 0.488/0.206/2.800/0.265 ms 1446 pps 4298
[  1] 1.0000-2.0000 sec  1 datagrams received out-of-order
[  1] 2.0000-3.0000 sec  2.00 MBytes  16.8 Mbits/sec   0.028 ms 0/1446 (0%) 0.454/0.219/2.660/0.247 ms 1447 pps 4623
[  1] 3.0000-4.0000 sec  2.00 MBytes  16.8 Mbits/sec   0.052 ms 0/1447 (0%) 0.421/0.159/4.851/0.460 ms 1446 pps 4989
[  1] 4.0000-5.0000 sec  2.00 MBytes  16.8 Mbits/sec   0.054 ms 0/1446 (0%) 0.600/0.159/7.669/1.026 ms 1446 pps 3494
[  1] 5.0000-6.0000 sec  2.00 MBytes  16.8 Mbits/sec   0.060 ms 0/1446 (0%) 0.358/0.157/2.072/0.191 ms 1446 pps 5859
[  1] 6.0000-7.0000 sec  2.00 MBytes  16.8 Mbits/sec   0.027 ms 0/1446 (0%) 0.298/0.148/0.987/0.070 ms 1446 pps 7044
[  1] 7.0000-8.0000 sec  2.00 MBytes  16.8 Mbits/sec   0.018 ms 0/1447 (0%) 0.276/0.158/0.733/0.055 ms 1446 pps 7603
[  1] 8.0000-9.0000 sec  2.00 MBytes  16.8 Mbits/sec   0.033 ms 0/1446 (0%) 0.285/0.164/1.132/0.081 ms 1446 pps 7350
[  1] 9.0000-10.0000 sec  2.00 MBytes  16.8 Mbits/sec   0.043 ms 0/1446 (0%) 0.280/0.152/0.878/0.058 ms 1447 pps 7488
[  1] 10.0000-11.0000 sec  2.00 MBytes  16.8 Mbits/sec   0.029 ms 0/1447 (0%) 0.275/0.166/1.162/0.055 ms 1446 pps 7638
[  1] 11.0000-12.0000 sec  2.00 MBytes  16.8 Mbits/sec   0.024 ms 0/1446 (0%) 0.275/0.161/1.887/0.088 ms 1446 pps 7614
[  1] 12.0000-13.0000 sec  2.00 MBytes  16.8 Mbits/sec   0.121 ms 0/1447 (0%) 0.297/0.165/2.112/0.139 ms 1446 pps 7069
[  1] 13.0000-14.0000 sec  2.00 MBytes  16.8 Mbits/sec   0.039 ms 0/1446 (0%) 0.379/0.159/4.607/0.519 ms 1446 pps 5539
[  1] 14.0000-15.0000 sec  2.00 MBytes  16.8 Mbits/sec   0.025 ms 1/1446 (0.069%) 0.274/0.156/0.750/0.047 ms 1445 pps 7658
[  1] 15.0000-16.0000 sec  2.00 MBytes  16.8 Mbits/sec   0.053 ms 0/1446 (0%) 0.277/0.153/0.986/0.053 ms 1446 pps 7569
[  1] 16.0000-17.0000 sec  2.00 MBytes  16.8 Mbits/sec   0.105 ms 0/1447 (0%) 0.364/0.170/3.045/0.242 ms 1447 pps 5769
[  1] 17.0000-18.0000 sec  2.00 MBytes  16.8 Mbits/sec   0.115 ms 0/1444 (0%) 0.425/0.156/3.248/0.333 ms 1446 pps 4925
[  1] 18.0000-19.0000 sec  2.00 MBytes  16.8 Mbits/sec   0.054 ms 0/1449 (0%) 0.503/0.172/3.374/0.401 ms 1447 pps 4181
[  1] 19.0000-20.0000 sec  2.00 MBytes  16.8 Mbits/sec   0.083 ms 0/1446 (0%) 0.461/0.145/3.568/0.389 ms 1446 pps 4549
[  1] 20.0000-21.0000 sec  2.00 MBytes  16.8 Mbits/sec   0.083 ms 0/1446 (0%) 0.406/0.175/3.935/0.396 ms 1446 pps 5167
[  1] 21.0000-22.0000 sec  2.00 MBytes  16.8 Mbits/sec   0.071 ms 0/1446 (0%) 0.306/0.163/1.510/0.107 ms 1447 pps 6850
[  1] 22.0000-23.0000 sec  2.00 MBytes  16.8 Mbits/sec   0.049 ms 0/1446 (0%) 0.349/0.142/1.629/0.160 ms 1446 pps 6000
[  1] 23.0000-24.0000 sec  2.00 MBytes  16.8 Mbits/sec   0.058 ms 0/1447 (0%) 0.369/0.169/2.025/0.218 ms 1446 pps 5693
[  1] 24.0000-25.0000 sec  2.00 MBytes  16.8 Mbits/sec   0.064 ms 0/1446 (0%) 0.324/0.160/1.832/0.149 ms 1446 pps 6462
[  1] 25.0000-26.0000 sec  2.00 MBytes  16.8 Mbits/sec   0.121 ms 0/1446 (0%) 0.310/0.180/1.233/0.094 ms 1446 pps 6754
[  1] 26.0000-27.0000 sec  2.00 MBytes  16.8 Mbits/sec   0.119 ms 0/1447 (0%) 0.450/0.147/3.866/0.379 ms 1447 pps 4658
[  1] 27.0000-28.0000 sec  2.00 MBytes  16.8 Mbits/sec   0.022 ms 0/1446 (0%) 0.294/0.171/0.968/0.065 ms 1447 pps 7121
[  1] 28.0000-29.0000 sec  2.00 MBytes  16.8 Mbits/sec   0.069 ms 0/1447 (0%) 0.381/0.162/2.307/0.270 ms 1446 pps 5511
[  1] 29.0000-30.0000 sec  2.00 MBytes  16.8 Mbits/sec   0.140 ms 0/1446 (0%) 0.332/0.176/1.859/0.147 ms 1446 pps 6310
[  1] 30.0000-31.0000 sec  2.00 MBytes  16.8 Mbits/sec   0.042 ms 1/1446 (0.069%) 0.290/0.168/1.271/0.077 ms 1445 pps 7218
[  1] 31.0000-32.0000 sec  2.00 MBytes  16.8 Mbits/sec   0.030 ms 0/1446 (0%) 0.275/0.168/1.049/0.060 ms 1446 pps 7625
[  1] 32.0000-33.0000 sec  2.00 MBytes  16.8 Mbits/sec   0.021 ms 0/1446 (0%) 0.286/0.168/1.052/0.063 ms 1446 pps 7336
[  1] 33.0000-34.0000 sec  2.00 MBytes  16.8 Mbits/sec   0.049 ms 0/1447 (0%) 0.282/0.159/1.058/0.067 ms 1446 pps 7452
[  1] 34.0000-35.0000 sec  2.00 MBytes  16.8 Mbits/sec   0.046 ms 0/1446 (0%) 0.293/0.175/0.990/0.079 ms 1446 pps 7158
[  1] 35.0000-36.0000 sec  2.00 MBytes  16.8 Mbits/sec   0.036 ms 0/1447 (0%) 0.342/0.161/3.225/0.302 ms 1446 pps 6141
[  1] 36.0000-37.0000 sec  2.00 MBytes  16.8 Mbits/sec   0.102 ms 0/1446 (0%) 0.287/0.172/0.868/0.079 ms 1446 pps 7317
[  1] 37.0000-38.0000 sec  2.00 MBytes  16.8 Mbits/sec   0.040 ms 0/1446 (0%) 0.343/0.147/2.395/0.185 ms 1446 pps 6108
[  1] 38.0000-39.0000 sec  2.00 MBytes  16.8 Mbits/sec   0.221 ms 0/1445 (0%) 0.686/0.148/5.754/0.968 ms 1446 pps 3054
[  1] 39.0000-40.0000 sec  2.00 MBytes  16.8 Mbits/sec   0.088 ms 0/1447 (0%) 0.460/0.142/3.413/0.405 ms 1447 pps 4562
[  1] 40.0000-41.0000 sec  2.00 MBytes  16.8 Mbits/sec   0.060 ms 0/1447 (0%) 0.314/0.162/1.651/0.130 ms 1446 pps 6688
[  1] 41.0000-42.0000 sec  2.00 MBytes  16.8 Mbits/sec   0.039 ms 0/1447 (0%) 0.318/0.177/1.500/0.118 ms 1447 pps 6592
[  1] 42.0000-43.0000 sec  2.00 MBytes  16.8 Mbits/sec   0.035 ms 0/1446 (0%) 0.305/0.180/1.254/0.092 ms 1446 pps 6876
[  1] 43.0000-44.0000 sec  2.00 MBytes  16.8 Mbits/sec   0.040 ms 0/1446 (0%) 0.284/0.159/1.194/0.080 ms 1446 pps 7392
[  1] 44.0000-45.0000 sec  2.00 MBytes  16.8 Mbits/sec   0.131 ms 0/1446 (0%) 0.475/0.150/5.729/0.712 ms 1446 pps 4418
[  1] 45.0000-46.0000 sec  2.00 MBytes  16.8 Mbits/sec   0.139 ms 0/1446 (0%) 0.430/0.148/3.801/0.384 ms 1445 pps 4878
[  1] 46.0000-47.0000 sec  2.00 MBytes  16.8 Mbits/sec   0.060 ms 0/1447 (0%) 0.535/0.185/4.981/0.580 ms 1447 pps 3922
[  1] 47.0000-48.0000 sec  2.00 MBytes  16.8 Mbits/sec   0.025 ms 0/1446 (0%) 0.340/0.174/2.085/0.186 ms 1447 pps 6164
[  1] 48.0000-49.0000 sec  2.00 MBytes  16.8 Mbits/sec   0.062 ms 0/1447 (0%) 0.359/0.155/2.249/0.190 ms 1446 pps 5841
[  1] 49.0000-50.0000 sec  2.00 MBytes  16.8 Mbits/sec   0.071 ms 0/1446 (0%) 0.320/0.160/1.510/0.125 ms 1446 pps 6550
[  1] 50.0000-51.0000 sec  2.00 MBytes  16.8 Mbits/sec   0.088 ms 0/1446 (0%) 0.345/0.160/1.493/0.151 ms 1446 pps 6085
[  1] 51.0000-52.0000 sec  2.00 MBytes  16.8 Mbits/sec   0.028 ms 0/1446 (0%) 0.314/0.165/1.388/0.104 ms 1447 pps 6678
[  1] 52.0000-53.0000 sec  2.00 MBytes  16.8 Mbits/sec   0.026 ms 0/1447 (0%) 0.411/0.158/3.723/0.426 ms 1446 pps 5099
[  1] 53.0000-54.0000 sec  2.00 MBytes  16.8 Mbits/sec   0.065 ms 0/1446 (0%) 0.288/0.138/1.766/0.096 ms 1446 pps 7284
[  1] 54.0000-55.0000 sec  2.00 MBytes  16.8 Mbits/sec   0.028 ms 0/1447 (0%) 0.289/0.177/1.127/0.070 ms 1446 pps 7252
[  1] 55.0000-56.0000 sec  2.00 MBytes  16.8 Mbits/sec   0.051 ms 0/1446 (0%) 0.319/0.160/1.919/0.142 ms 1446 pps 6565
[  1] 56.0000-57.0000 sec  2.00 MBytes  16.8 Mbits/sec   0.046 ms 0/1446 (0%) 0.356/0.167/1.595/0.179 ms 1446 pps 5893
[  1] 57.0000-58.0000 sec  2.00 MBytes  16.8 Mbits/sec   0.054 ms 0/1447 (0%) 0.323/0.159/2.142/0.148 ms 1446 pps 6494
[  1] 58.0000-59.0000 sec  2.00 MBytes  16.8 Mbits/sec   0.260 ms 0/1445 (0%) 0.431/0.165/4.244/0.437 ms 1446 pps 4859
[  1] 59.0000-60.0000 sec  2.00 MBytes  16.8 Mbits/sec   0.029 ms 0/1447 (0%) 0.324/0.166/1.941/0.142 ms 1447 pps 6470
[  1] 60.0000-61.0000 sec  2.00 MBytes  16.8 Mbits/sec   0.055 ms 0/1447 (0%) 0.305/0.172/1.662/0.097 ms 1446 pps 6883
[  1] 61.0000-62.0000 sec  2.00 MBytes  16.8 Mbits/sec   0.075 ms 0/1446 (0%) 0.302/0.150/2.443/0.117 ms 1446 pps 6939
[  1] 62.0000-63.0000 sec  2.00 MBytes  16.8 Mbits/sec   0.043 ms 0/1446 (0%) 0.318/0.162/2.091/0.131 ms 1446 pps 6593
[  1] 63.0000-64.0000 sec  2.00 MBytes  16.8 Mbits/sec   0.062 ms 0/1447 (0%) 0.328/0.176/1.685/0.139 ms 1447 pps 6390
[  1] 64.0000-65.0000 sec  2.00 MBytes  16.8 Mbits/sec   0.037 ms 0/1446 (0%) 0.418/0.184/4.164/0.421 ms 1446 pps 5017
[  1] 65.0000-66.0000 sec  2.00 MBytes  16.8 Mbits/sec   0.069 ms 0/1446 (0%) 0.301/0.174/1.048/0.067 ms 1446 pps 6968
[  1] 66.0000-67.0000 sec  2.00 MBytes  16.8 Mbits/sec   0.041 ms 0/1446 (0%) 0.321/0.160/1.677/0.102 ms 1446 pps 6536
[  1] 67.0000-68.0000 sec  2.00 MBytes  16.8 Mbits/sec   0.028 ms 0/1446 (0%) 0.320/0.168/1.193/0.073 ms 1447 pps 6553
Waiting for server threads to complete. Interrupt again to force quit.
[  1] 68.0000-68.7331 sec  1.47 MBytes  16.8 Mbits/sec   0.054 ms 0/1061 (0%) 0.325/0.209/1.246/0.079 ms 1446 pps 6453
[  1] 0.0000-68.7331 sec   137 MBytes  16.8 Mbits/sec   0.054 ms 2/99413 (0.002%) 0.360/0.138/9.725/0.349 ms 1446 pps 5818
[  1] 0.0000-68.7331 sec  2 datagrams received out-of-order
