------------------------------------------------------------
Server listening on UDP port 6001 with pid 13453
Joining multicast group  ff38::1
Read buffer size: 1.44 KByte (Dist bin width= 183 Byte)
Server set to single client traffic mode (per multicast receive)
UDP buffer size:  208 KByte (default)
------------------------------------------------------------
[  1] local ff38::1%h2-eth0 port 6001 connected with 2001:db8::4 port 52546 (sock=3) (peer 2.1.5) on 2025-07-02 13:01:50 (CST)
[ ID] Interval            Transfer     Bandwidth        Jitter   Lost/Total  Latency avg/min/max/stdev PPS NetPwr
[  1] 0.0000-1.0000 sec  2.28 MBytes  19.2 Mbits/sec   0.268 ms 0/1652 (0%) 45.764/1.226/89.148/25.033 ms 1653 pps 52
[  1] 0.0000-1.0000 sec  1 datagrams received out-of-order
[  1] 1.0000-2.0000 sec  2.28 MBytes  19.2 Mbits/sec   0.301 ms 0/1651 (0%) 132.553/88.900/175.818/25.003 ms 1652 pps 18
[  1] 1.0000-2.0000 sec  1 datagrams received out-of-order
[  1] 2.0000-3.0000 sec  2.29 MBytes  19.2 Mbits/sec   1.663 ms 0/1653 (0%) 126.334/28.507/221.585/78.613 ms 1652 pps 19
[  1] 3.0000-4.0000 sec  2.28 MBytes  19.2 Mbits/sec   1.919 ms 0/1651 (0%) 42.799/28.450/57.386/8.260 ms 1651 pps 56
[  1] 4.0000-5.0000 sec  2.28 MBytes  19.2 Mbits/sec   2.182 ms 0/1652 (0%) 42.790/28.491/57.169/8.205 ms 1652 pps 56
[  1] 5.0000-6.0000 sec  2.28 MBytes  19.2 Mbits/sec   0.730 ms 0/1652 (0%) 42.787/28.372/57.410/8.149 ms 1652 pps 56
[  1] 6.0000-7.0000 sec  2.28 MBytes  19.2 Mbits/sec   0.729 ms 0/1652 (0%) 42.813/28.406/57.204/8.155 ms 1652 pps 56
[  1] 7.0000-8.0000 sec  2.28 MBytes  19.2 Mbits/sec   0.886 ms 1/1653 (0.06%) 42.748/27.795/56.985/8.170 ms 1652 pps 56
[  1] 8.0000-9.0000 sec  2.28 MBytes  19.2 Mbits/sec   0.980 ms 0/1651 (0%) 42.833/28.527/57.321/8.187 ms 1652 pps 56
[  1] 9.0000-10.0000 sec  2.29 MBytes  19.2 Mbits/sec   0.944 ms 0/1653 (0%) 42.799/28.507/56.994/8.154 ms 1652 pps 56
[  1] 10.0000-11.0000 sec  2.29 MBytes  19.2 Mbits/sec   0.924 ms 0/1653 (0%) 42.779/28.679/56.851/8.136 ms 1653 pps 56
[  1] 11.0000-12.0000 sec  2.29 MBytes  19.2 Mbits/sec   0.888 ms 0/1653 (0%) 42.774/28.521/56.828/8.141 ms 1653 pps 56
[  1] 12.0000-13.0000 sec  2.29 MBytes  19.2 Mbits/sec   0.957 ms 0/1653 (0%) 42.786/28.078/57.023/8.186 ms 1653 pps 56
[  1] 13.0000-14.0000 sec  2.29 MBytes  19.2 Mbits/sec   0.823 ms 0/1654 (0%) 42.801/28.343/56.935/8.152 ms 1654 pps 56
[  1] 14.0000-15.0000 sec  2.29 MBytes  19.2 Mbits/sec   0.857 ms 0/1653 (0%) 42.752/26.329/57.118/8.194 ms 1653 pps 56
[  1] 15.0000-16.0000 sec  2.29 MBytes  19.2 Mbits/sec   0.826 ms 0/1654 (0%) 42.771/28.538/57.071/8.146 ms 1653 pps 56
[  1] 16.0000-17.0000 sec  2.29 MBytes  19.2 Mbits/sec   0.745 ms 0/1653 (0%) 42.786/28.567/56.945/8.200 ms 1653 pps 56
[  1] 17.0000-18.0000 sec  2.29 MBytes  19.2 Mbits/sec   2.267 ms 0/1654 (0%) 42.751/28.593/56.959/8.239 ms 1653 pps 56
[  1] 18.0000-19.0000 sec  2.29 MBytes  19.2 Mbits/sec   1.729 ms 0/1653 (0%) 42.675/28.566/56.965/8.227 ms 1653 pps 56
[  1] 19.0000-20.0000 sec  2.29 MBytes  19.2 Mbits/sec   1.314 ms 0/1654 (0%) 42.692/28.579/56.961/8.218 ms 1653 pps 56
[  1] 20.0000-21.0000 sec  2.29 MBytes  19.2 Mbits/sec   1.038 ms 0/1653 (0%) 42.673/28.542/56.972/8.192 ms 1653 pps 56
[  1] 21.0000-22.0000 sec  2.29 MBytes  19.2 Mbits/sec   0.913 ms 0/1653 (0%) 42.733/28.572/57.014/8.197 ms 1653 pps 56
[  1] 22.0000-23.0000 sec  2.29 MBytes  19.2 Mbits/sec   0.798 ms 0/1654 (0%) 42.896/28.547/60.245/8.228 ms 1653 pps 56
[  1] 22.0000-23.0000 sec  1 datagrams received out-of-order
[  1] 23.0000-24.0000 sec  2.29 MBytes  19.2 Mbits/sec   0.741 ms 0/1653 (0%) 42.734/28.067/57.000/8.212 ms 1653 pps 56
[  1] 24.0000-25.0000 sec  2.29 MBytes  19.2 Mbits/sec   2.280 ms 0/1654 (0%) 42.952/28.538/59.882/8.263 ms 1654 pps 56
[  1] 24.0000-25.0000 sec  1 datagrams received out-of-order
[  1] 25.0000-26.0000 sec  2.29 MBytes  19.2 Mbits/sec   1.728 ms 0/1653 (0%) 42.897/28.428/61.559/8.251 ms 1654 pps 56
[  1] 25.0000-26.0000 sec  2 datagrams received out-of-order
[  1] 26.0000-27.0000 sec  2.29 MBytes  19.2 Mbits/sec   1.366 ms 0/1654 (0%) 42.697/28.561/57.099/8.165 ms 1653 pps 56
[  1] 27.0000-28.0000 sec  2.29 MBytes  19.2 Mbits/sec   1.293 ms 0/1653 (0%) 42.681/25.987/57.065/8.191 ms 1653 pps 56
[  1] 28.0000-29.0000 sec  2.29 MBytes  19.2 Mbits/sec   1.063 ms 0/1653 (0%) 42.735/28.445/57.287/8.148 ms 1654 pps 56
[  1] 28.0000-29.0000 sec  1 datagrams received out-of-order
[  1] 29.0000-30.0000 sec  2.29 MBytes  19.2 Mbits/sec   0.999 ms 0/1654 (0%) 42.796/28.510/58.289/8.198 ms 1654 pps 56
[  1] 30.0000-31.0000 sec  2.29 MBytes  19.2 Mbits/sec   0.865 ms 0/1653 (0%) 42.989/28.617/58.092/8.163 ms 1653 pps 56
[  1] 30.0000-31.0000 sec  1 datagrams received out-of-order
[  1] 31.0000-32.0000 sec  2.29 MBytes  19.2 Mbits/sec   0.782 ms 1/1654 (0.06%) 42.818/28.613/57.771/8.188 ms 1652 pps 56
[  1] 31.0000-32.0000 sec  3 datagrams received out-of-order
[  1] 32.0000-33.0000 sec  2.29 MBytes  19.2 Mbits/sec   0.723 ms 0/1653 (0%) 43.902/28.579/67.572/8.578 ms 1653 pps 55
[  1] 32.0000-33.0000 sec  10 datagrams received out-of-order
[  1] 33.0000-34.0000 sec  2.29 MBytes  19.2 Mbits/sec   0.687 ms 0/1654 (0%) 42.819/28.131/59.046/8.232 ms 1653 pps 56
[  1] 33.0000-34.0000 sec  1 datagrams received out-of-order
[  1] 34.0000-35.0000 sec  2.29 MBytes  19.2 Mbits/sec   2.057 ms 0/1653 (0%) 42.747/28.550/57.035/8.198 ms 1653 pps 56
[  1] 35.0000-36.0000 sec  2.29 MBytes  19.2 Mbits/sec   1.472 ms 0/1654 (0%) 42.727/28.574/56.971/8.182 ms 1653 pps 56
[  1] 36.0000-37.0000 sec  2.28 MBytes  19.1 Mbits/sec   1.883 ms 0/1646 (0%) 42.843/27.050/60.465/8.218 ms 1646 pps 56
[  1] 37.0000-38.0000 sec  2.29 MBytes  19.2 Mbits/sec   1.370 ms 0/1653 (0%) 42.789/28.896/56.783/8.179 ms 1653 pps 56
[  1] 38.0000-39.0000 sec  2.29 MBytes  19.2 Mbits/sec   1.272 ms 0/1654 (0%) 42.841/27.199/59.989/8.198 ms 1653 pps 56
[  1] 38.0000-39.0000 sec  3 datagrams received out-of-order
[  1] 39.0000-40.0000 sec  2.29 MBytes  19.2 Mbits/sec   1.033 ms 0/1653 (0%) 42.805/28.659/56.819/8.160 ms 1653 pps 56
[  1] 40.0000-41.0000 sec  2.29 MBytes  19.2 Mbits/sec   0.877 ms 0/1653 (0%) 42.760/28.470/57.120/8.193 ms 1653 pps 56
[  1] 41.0000-42.0000 sec  2.29 MBytes  19.2 Mbits/sec   0.819 ms 0/1653 (0%) 42.749/28.524/56.970/8.240 ms 1653 pps 56
[  1] 42.0000-43.0000 sec  2.29 MBytes  19.2 Mbits/sec   0.737 ms 0/1654 (0%) 42.739/28.528/56.963/8.222 ms 1653 pps 56
[  1] 43.0000-44.0000 sec  2.29 MBytes  19.2 Mbits/sec   0.740 ms 0/1653 (0%) 42.732/28.510/56.977/8.257 ms 1653 pps 56
[  1] 44.0000-45.0000 sec  2.29 MBytes  19.2 Mbits/sec   0.695 ms 0/1654 (0%) 42.686/26.552/57.063/8.246 ms 1654 pps 56
[  1] 45.0000-46.0000 sec  2.29 MBytes  19.2 Mbits/sec   2.162 ms 0/1653 (0%) 42.694/28.492/57.016/8.237 ms 1654 pps 56
[  1] 46.0000-47.0000 sec  2.29 MBytes  19.2 Mbits/sec   1.723 ms 0/1653 (0%) 42.708/28.495/57.101/8.224 ms 1653 pps 56
[  1] 47.0000-48.0000 sec  2.29 MBytes  19.2 Mbits/sec   1.381 ms 0/1653 (0%) 42.689/28.527/57.068/8.186 ms 1653 pps 56
[  1] 48.0000-49.0000 sec  2.29 MBytes  19.2 Mbits/sec   1.267 ms 0/1654 (0%) 42.733/28.395/57.029/8.181 ms 1653 pps 56
[  1] 49.0000-50.0000 sec  2.29 MBytes  19.2 Mbits/sec   1.327 ms 0/1653 (0%) 43.058/28.517/59.690/8.227 ms 1653 pps 56
[  1] 49.0000-50.0000 sec  1 datagrams received out-of-order
[  1] 50.0000-51.0000 sec  2.29 MBytes  19.2 Mbits/sec   1.335 ms 0/1653 (0%) 42.765/28.469/57.863/8.219 ms 1653 pps 56
[  1] 50.0000-51.0000 sec  2 datagrams received out-of-order
[  1] 51.0000-52.0000 sec  2.29 MBytes  19.2 Mbits/sec   1.119 ms 0/1654 (0%) 42.841/28.313/59.458/8.199 ms 1654 pps 56
[  1] 51.0000-52.0000 sec  3 datagrams received out-of-order
[  1] 52.0000-53.0000 sec  2.29 MBytes  19.2 Mbits/sec   1.125 ms 0/1653 (0%) 42.935/28.487/59.701/8.261 ms 1653 pps 56
[  1] 52.0000-53.0000 sec  3 datagrams received out-of-order
[  1] 53.0000-54.0000 sec  2.29 MBytes  19.2 Mbits/sec   0.916 ms 0/1654 (0%) 42.828/28.499/58.428/8.203 ms 1653 pps 56
[  1] 54.0000-55.0000 sec  2.29 MBytes  19.2 Mbits/sec   0.826 ms 0/1653 (0%) 42.739/27.038/57.462/8.196 ms 1653 pps 56
[  1] 54.0000-55.0000 sec  1 datagrams received out-of-order
[  1] 55.0000-56.0000 sec  2.29 MBytes  19.2 Mbits/sec   0.755 ms 0/1653 (0%) 42.814/28.589/57.181/8.171 ms 1653 pps 56
[  1] 55.0000-56.0000 sec  1 datagrams received out-of-order
[  1] 56.0000-57.0000 sec  2.29 MBytes  19.2 Mbits/sec   0.751 ms 0/1654 (0%) 42.901/28.586/59.907/8.169 ms 1653 pps 56
[  1] 56.0000-57.0000 sec  2 datagrams received out-of-order
[  1] 57.0000-58.0000 sec  2.29 MBytes  19.2 Mbits/sec   0.715 ms 0/1653 (0%) 42.808/27.627/56.810/8.203 ms 1653 pps 56
[  1] 58.0000-59.0000 sec  2.29 MBytes  19.2 Mbits/sec   2.132 ms 0/1653 (0%) 42.796/28.571/57.364/8.190 ms 1654 pps 56
[  1] 58.0000-59.0000 sec  2 datagrams received out-of-order
[  1] 59.0000-60.0000 sec  2.29 MBytes  19.2 Mbits/sec   1.467 ms 0/1654 (0%) 42.753/28.609/58.327/8.208 ms 1653 pps 56
[  1] 59.0000-60.0000 sec  1 datagrams received out-of-order
[  1] 60.0000-61.0000 sec  2.29 MBytes  19.2 Mbits/sec   1.486 ms 0/1653 (0%) 42.700/28.466/56.957/8.189 ms 1653 pps 56
[  1] 61.0000-62.0000 sec  2.29 MBytes  19.2 Mbits/sec   1.274 ms 0/1653 (0%) 42.722/28.523/56.993/8.197 ms 1654 pps 56
[  1] 62.0000-63.0000 sec  2.29 MBytes  19.2 Mbits/sec   0.983 ms 0/1654 (0%) 42.887/28.598/61.488/8.206 ms 1653 pps 56
[  1] 62.0000-63.0000 sec  1 datagrams received out-of-order
[  1] 63.0000-64.0000 sec  2.29 MBytes  19.2 Mbits/sec   0.840 ms 0/1653 (0%) 42.853/28.601/57.238/8.183 ms 1653 pps 56
[  1] 64.0000-65.0000 sec  2.29 MBytes  19.2 Mbits/sec   0.734 ms 0/1654 (0%) 42.873/28.734/56.879/8.176 ms 1653 pps 56
[  1] 65.0000-66.0000 sec  2.29 MBytes  19.2 Mbits/sec   0.694 ms 0/1653 (0%) 42.845/28.395/58.454/8.213 ms 1653 pps 56
[  1] 66.0000-67.0000 sec  2.29 MBytes  19.2 Mbits/sec   1.966 ms 0/1653 (0%) 42.767/28.517/57.835/8.200 ms 1653 pps 56
[  1] 66.0000-67.0000 sec  1 datagrams received out-of-order
[  1] 67.0000-68.0000 sec  2.29 MBytes  19.2 Mbits/sec   1.416 ms 0/1654 (0%) 42.915/28.562/59.652/8.187 ms 1653 pps 56
[  1] 67.0000-68.0000 sec  3 datagrams received out-of-order
[  1] 68.0000-69.0000 sec  2.29 MBytes  19.2 Mbits/sec   1.325 ms 0/1653 (0%) 42.735/27.999/56.948/8.183 ms 1653 pps 56
Waiting for server threads to complete. Interrupt again to force quit.
[  1] 69.0000-69.5548 sec  1.27 MBytes  19.2 Mbits/sec   0.765 ms 0/918 (0%) 42.844/27.580/57.245/8.128 ms 1654 pps 56
[  1] 0.0000-69.5548 sec   159 MBytes  19.2 Mbits/sec   0.765 ms 2/114980 (0.0017%) 45.339/1.226/221.585/19.514 ms 1653 pps 53
[  1] 0.0000-69.5548 sec  46 datagrams received out-of-order
