------------------------------------------------------------
Server listening on UDP port 6002 with pid 13747
Joining multicast group  ff38::2
Read buffer size: 1.44 KByte (Dist bin width= 183 Byte)
Server set to single client traffic mode (per multicast receive)
UDP buffer size:  208 KByte (default)
------------------------------------------------------------
[  1] local ff38::2%h3-eth0 port 6002 connected with 2001:db8::4 port 33466 (sock=3) (peer 2.1.5) on 2025-07-02 13:01:55 (CST)
[ ID] Interval            Transfer     Bandwidth        Jitter   Lost/Total  Latency avg/min/max/stdev PPS NetPwr
[  1] 0.0000-1.0000 sec  2.27 MBytes  19.1 Mbits/sec   0.141 ms 0/1643 (0%) 32.411/6.577/51.245/11.217 ms 1644 pps 74
[  1] 0.0000-1.0000 sec  1 datagrams received out-of-order
[  1] 1.0000-2.0000 sec  2.29 MBytes  19.2 Mbits/sec   1.124 ms 0/1654 (0%) 43.593/27.401/56.932/8.677 ms 1654 pps 55
[  1] 2.0000-3.0000 sec  2.29 MBytes  19.2 Mbits/sec   1.052 ms 0/1653 (0%) 40.470/26.053/56.037/8.172 ms 1653 pps 59
[  1] 2.0000-3.0000 sec  2 datagrams received out-of-order
[  1] 3.0000-4.0000 sec  2.29 MBytes  19.2 Mbits/sec   1.137 ms 0/1653 (0%) 40.052/25.747/54.747/8.154 ms 1653 pps 60
[  1] 3.0000-4.0000 sec  1 datagrams received out-of-order
[  1] 4.0000-5.0000 sec  2.29 MBytes  19.2 Mbits/sec   1.089 ms 0/1654 (0%) 38.874/23.754/53.979/8.204 ms 1654 pps 62
[  1] 4.0000-5.0000 sec  3 datagrams received out-of-order
[  1] 5.0000-6.0000 sec  2.29 MBytes  19.2 Mbits/sec   1.059 ms 0/1653 (0%) 37.608/23.163/51.881/8.165 ms 1653 pps 64
[  1] 6.0000-7.0000 sec  2.29 MBytes  19.2 Mbits/sec   1.062 ms 0/1653 (0%) 37.532/22.631/51.783/8.172 ms 1653 pps 64
[  1] 7.0000-8.0000 sec  2.29 MBytes  19.2 Mbits/sec   1.032 ms 0/1654 (0%) 37.816/22.802/52.075/8.170 ms 1654 pps 63
[  1] 8.0000-9.0000 sec  2.29 MBytes  19.2 Mbits/sec   1.033 ms 0/1653 (0%) 37.848/23.566/51.987/8.153 ms 1653 pps 63
[  1] 9.0000-10.0000 sec  2.29 MBytes  19.2 Mbits/sec   1.189 ms 0/1653 (0%) 37.821/21.792/51.984/8.216 ms 1653 pps 63
[  1] 10.0000-11.0000 sec  2.29 MBytes  19.2 Mbits/sec   1.361 ms 0/1654 (0%) 37.845/22.025/52.204/8.206 ms 1653 pps 63
[  1] 11.0000-12.0000 sec  2.29 MBytes  19.2 Mbits/sec   1.232 ms 0/1653 (0%) 37.824/23.684/52.357/8.149 ms 1653 pps 63
[  1] 12.0000-13.0000 sec  2.29 MBytes  19.2 Mbits/sec   1.035 ms 0/1653 (0%) 37.932/23.787/52.131/8.115 ms 1653 pps 63
[  1] 13.0000-14.0000 sec  2.29 MBytes  19.2 Mbits/sec   0.869 ms 0/1654 (0%) 37.991/23.690/52.442/8.127 ms 1653 pps 63
[  1] 14.0000-15.0000 sec  2.29 MBytes  19.2 Mbits/sec   0.766 ms 0/1654 (0%) 37.945/23.707/52.414/8.137 ms 1654 pps 63
[  1] 15.0000-16.0000 sec  2.28 MBytes  19.2 Mbits/sec   0.736 ms 0/1652 (0%) 37.934/23.617/52.213/8.153 ms 1653 pps 63
[  1] 16.0000-17.0000 sec  2.29 MBytes  19.2 Mbits/sec   1.985 ms 0/1654 (0%) 37.955/23.755/52.255/8.166 ms 1654 pps 63
[  1] 17.0000-18.0000 sec  2.29 MBytes  19.2 Mbits/sec   1.474 ms 0/1654 (0%) 37.877/23.765/52.355/8.140 ms 1653 pps 63
[  1] 18.0000-19.0000 sec  2.29 MBytes  19.2 Mbits/sec   1.249 ms 0/1653 (0%) 37.865/23.659/52.459/8.159 ms 1653 pps 63
[  1] 19.0000-20.0000 sec  2.29 MBytes  19.2 Mbits/sec   0.968 ms 0/1654 (0%) 37.949/23.797/52.401/8.118 ms 1653 pps 63
[  1] 20.0000-21.0000 sec  2.29 MBytes  19.2 Mbits/sec   0.830 ms 0/1653 (0%) 37.925/23.661/52.269/8.128 ms 1653 pps 63
[  1] 21.0000-22.0000 sec  2.29 MBytes  19.2 Mbits/sec   0.744 ms 0/1654 (0%) 37.855/23.658/52.286/8.152 ms 1653 pps 63
[  1] 22.0000-23.0000 sec  2.29 MBytes  19.2 Mbits/sec   0.707 ms 0/1653 (0%) 37.912/23.510/52.206/8.162 ms 1653 pps 63
[  1] 23.0000-24.0000 sec  2.28 MBytes  19.1 Mbits/sec   0.739 ms 0/1650 (0%) 38.796/23.481/54.343/8.242 ms 1650 pps 62
[  1] 24.0000-25.0000 sec  2.29 MBytes  19.2 Mbits/sec   0.701 ms 0/1653 (0%) 40.083/25.849/54.401/8.174 ms 1653 pps 60
[  1] 25.0000-26.0000 sec  2.29 MBytes  19.2 Mbits/sec   1.771 ms 0/1654 (0%) 39.939/25.471/54.350/8.182 ms 1653 pps 60
[  1] 26.0000-27.0000 sec  2.29 MBytes  19.2 Mbits/sec   1.758 ms 0/1653 (0%) 40.027/25.887/54.487/8.189 ms 1653 pps 60
[  1] 26.0000-27.0000 sec  1 datagrams received out-of-order
[  1] 27.0000-28.0000 sec  2.29 MBytes  19.2 Mbits/sec   1.338 ms 0/1653 (0%) 40.042/25.901/54.363/8.140 ms 1654 pps 60
[  1] 28.0000-29.0000 sec  2.29 MBytes  19.2 Mbits/sec   1.097 ms 0/1654 (0%) 39.933/25.489/54.209/8.153 ms 1653 pps 60
[  1] 29.0000-30.0000 sec  2.29 MBytes  19.2 Mbits/sec   1.007 ms 0/1653 (0%) 39.783/25.415/54.098/8.170 ms 1653 pps 60
[  1] 30.0000-31.0000 sec  2.29 MBytes  19.2 Mbits/sec   0.819 ms 0/1654 (0%) 39.751/25.693/54.125/8.126 ms 1653 pps 60
[  1] 31.0000-32.0000 sec  2.29 MBytes  19.2 Mbits/sec   0.755 ms 0/1653 (0%) 39.807/25.687/54.015/8.150 ms 1653 pps 60
[  1] 32.0000-33.0000 sec  2.29 MBytes  19.2 Mbits/sec   0.718 ms 0/1653 (0%) 39.783/25.742/54.217/8.176 ms 1654 pps 60
[  1] 33.0000-34.0000 sec  2.29 MBytes  19.2 Mbits/sec   0.702 ms 0/1654 (0%) 39.754/25.358/54.101/8.199 ms 1653 pps 60
[  1] 33.0000-34.0000 sec  1 datagrams received out-of-order
[  1] 34.0000-35.0000 sec  2.29 MBytes  19.2 Mbits/sec   2.263 ms 0/1653 (0%) 39.755/25.269/53.931/8.197 ms 1653 pps 60
[  1] 35.0000-36.0000 sec  2.29 MBytes  19.2 Mbits/sec   2.148 ms 0/1653 (0%) 39.652/25.231/54.119/8.194 ms 1653 pps 60
[  1] 35.0000-36.0000 sec  1 datagrams received out-of-order
[  1] 36.0000-37.0000 sec  2.29 MBytes  19.2 Mbits/sec   1.713 ms 0/1654 (0%) 39.693/25.503/54.182/8.194 ms 1653 pps 60
[  1] 37.0000-38.0000 sec  2.29 MBytes  19.2 Mbits/sec   1.251 ms 0/1654 (0%) 39.612/25.521/53.956/8.168 ms 1653 pps 61
[  1] 38.0000-39.0000 sec  2.29 MBytes  19.2 Mbits/sec   1.240 ms 0/1653 (0%) 39.685/25.494/54.030/8.192 ms 1653 pps 60
[  1] 39.0000-40.0000 sec  2.29 MBytes  19.2 Mbits/sec   1.032 ms 0/1653 (0%) 39.680/25.483/53.949/8.156 ms 1653 pps 60
[  1] 40.0000-41.0000 sec  2.29 MBytes  19.2 Mbits/sec   0.972 ms 0/1654 (0%) 39.656/23.808/54.002/8.188 ms 1653 pps 60
[  1] 41.0000-42.0000 sec  2.29 MBytes  19.2 Mbits/sec   0.879 ms 0/1653 (0%) 39.674/25.461/53.973/8.167 ms 1653 pps 60
[  1] 42.0000-43.0000 sec  2.29 MBytes  19.2 Mbits/sec   0.802 ms 0/1654 (0%) 39.730/25.491/53.943/8.148 ms 1654 pps 60
[  1] 43.0000-44.0000 sec  2.28 MBytes  19.2 Mbits/sec   0.754 ms 0/1652 (0%) 39.700/25.474/54.066/8.161 ms 1653 pps 60
[  1] 44.0000-45.0000 sec  2.29 MBytes  19.2 Mbits/sec   0.714 ms 0/1654 (0%) 39.712/25.088/53.802/8.178 ms 1653 pps 60
[  1] 44.0000-45.0000 sec  1 datagrams received out-of-order
[  1] 45.0000-46.0000 sec  2.29 MBytes  19.2 Mbits/sec   0.746 ms 0/1653 (0%) 39.630/23.172/53.962/8.195 ms 1653 pps 60
[  1] 45.0000-46.0000 sec  1 datagrams received out-of-order
[  1] 46.0000-47.0000 sec  2.29 MBytes  19.2 Mbits/sec   0.739 ms 0/1654 (0%) 39.661/25.442/53.994/8.180 ms 1653 pps 60
[  1] 47.0000-48.0000 sec  2.29 MBytes  19.2 Mbits/sec   0.727 ms 0/1653 (0%) 39.723/25.386/54.073/8.156 ms 1653 pps 60
[  1] 48.0000-49.0000 sec  2.29 MBytes  19.2 Mbits/sec   2.367 ms 0/1653 (0%) 39.716/25.468/53.965/8.200 ms 1654 pps 60
[  1] 49.0000-50.0000 sec  2.29 MBytes  19.2 Mbits/sec   1.743 ms 0/1654 (0%) 39.612/25.292/53.974/8.190 ms 1653 pps 61
[  1] 50.0000-51.0000 sec  2.29 MBytes  19.2 Mbits/sec   1.261 ms 0/1653 (0%) 39.592/25.501/53.827/8.137 ms 1653 pps 61
[  1] 51.0000-52.0000 sec  2.29 MBytes  19.2 Mbits/sec   1.086 ms 0/1654 (0%) 39.642/25.351/53.852/8.156 ms 1653 pps 60
[  1] 52.0000-53.0000 sec  2.29 MBytes  19.2 Mbits/sec   1.094 ms 0/1653 (0%) 39.686/25.335/54.612/8.180 ms 1653 pps 60
[  1] 52.0000-53.0000 sec  1 datagrams received out-of-order
[  1] 53.0000-54.0000 sec  2.29 MBytes  19.2 Mbits/sec   0.955 ms 0/1654 (0%) 39.642/25.477/53.920/8.148 ms 1653 pps 60
[  1] 54.0000-55.0000 sec  2.29 MBytes  19.2 Mbits/sec   0.858 ms 0/1653 (0%) 39.748/25.272/53.895/8.147 ms 1653 pps 60
[  1] 55.0000-56.0000 sec  2.29 MBytes  19.2 Mbits/sec   0.856 ms 0/1653 (0%) 39.713/24.859/54.157/8.178 ms 1654 pps 60
[  1] 56.0000-57.0000 sec  2.29 MBytes  19.2 Mbits/sec   0.770 ms 0/1654 (0%) 39.813/25.832/54.319/8.135 ms 1653 pps 60
[  1] 57.0000-58.0000 sec  2.29 MBytes  19.2 Mbits/sec   0.707 ms 0/1653 (0%) 39.803/25.548/54.122/8.173 ms 1653 pps 60
[  1] 58.0000-59.0000 sec  2.29 MBytes  19.2 Mbits/sec   1.862 ms 0/1654 (0%) 39.700/25.826/54.018/8.193 ms 1653 pps 60
[  1] 59.0000-60.0000 sec  2.29 MBytes  19.2 Mbits/sec   1.378 ms 0/1653 (0%) 39.621/25.620/53.968/8.159 ms 1653 pps 60
[  1] 60.0000-61.0000 sec  2.29 MBytes  19.2 Mbits/sec   1.124 ms 0/1653 (0%) 39.652/25.520/53.962/8.153 ms 1653 pps 60
[  1] 61.0000-62.0000 sec  2.29 MBytes  19.2 Mbits/sec   0.936 ms 0/1654 (0%) 39.676/25.550/53.995/8.145 ms 1653 pps 60
[  1] 62.0000-63.0000 sec  2.29 MBytes  19.2 Mbits/sec   0.827 ms 0/1653 (0%) 39.688/25.665/53.901/8.140 ms 1653 pps 60
[  1] 63.0000-64.0000 sec  2.29 MBytes  19.2 Mbits/sec   0.755 ms 0/1654 (0%) 39.728/25.319/53.970/8.164 ms 1653 pps 60
[  1] 63.0000-64.0000 sec  1 datagrams received out-of-order
[  1] 64.0000-65.0000 sec  2.29 MBytes  19.2 Mbits/sec   0.736 ms 0/1653 (0%) 39.699/25.443/53.962/8.169 ms 1653 pps 60
[  1] 65.0000-66.0000 sec  2.29 MBytes  19.2 Mbits/sec   2.330 ms 0/1653 (0%) 39.694/25.496/53.961/8.205 ms 1654 pps 60
[  1] 66.0000-67.0000 sec  2.29 MBytes  19.2 Mbits/sec   1.589 ms 0/1654 (0%) 39.687/25.507/54.054/8.213 ms 1654 pps 60
[  1] 67.0000-68.0000 sec  2.29 MBytes  19.2 Mbits/sec   1.285 ms 0/1654 (0%) 39.752/25.456/54.068/8.204 ms 1654 pps 60
[  1] 68.0000-69.0000 sec  2.28 MBytes  19.2 Mbits/sec   1.046 ms 0/1652 (0%) 39.702/25.549/54.057/8.171 ms 1653 pps 60
Waiting for server threads to complete. Interrupt again to force quit.
[  1] 0.0000-69.1160 sec   158 MBytes  19.2 Mbits/sec   0.915 ms 0/114263 (0%) 39.185/6.577/56.932/8.324 ms 1653 pps 61
[  1] 0.0000-69.1160 sec  14 datagrams received out-of-order
