------------------------------------------------------------
Server listening on UDP port 6004 with pid 14102
Joining multicast group  ff38::4
Read buffer size: 1.44 KByte (Dist bin width= 183 Byte)
Server set to single client traffic mode (per multicast receive)
UDP buffer size:  208 KByte (default)
------------------------------------------------------------
[  1] local ff38::4%h5-eth0 port 6004 connected with 2001:db8::6 port 47231 (sock=3) (peer 2.1.5) on 2025-07-02 13:02:00 (CST)
[ ID] Interval            Transfer     Bandwidth        Jitter   Lost/Total  Latency avg/min/max/stdev PPS NetPwr
[  1] 0.0000-1.0000 sec  2.01 MBytes  16.8 Mbits/sec   0.139 ms 0/1450 (0%) 0.789/0.224/9.723/1.352 ms 1451 pps 2665
[  1] 0.0000-1.0000 sec  1 datagrams received out-of-order
[  1] 1.0000-2.0000 sec  2.00 MBytes  16.8 Mbits/sec   0.113 ms 0/1446 (0%) 0.486/0.204/2.795/0.265 ms 1446 pps 4317
[  1] 1.0000-2.0000 sec  1 datagrams received out-of-order
[  1] 2.0000-3.0000 sec  2.00 MBytes  16.8 Mbits/sec   0.028 ms 0/1446 (0%) 0.452/0.217/2.657/0.246 ms 1447 pps 4642
[  1] 3.0000-4.0000 sec  2.00 MBytes  16.8 Mbits/sec   0.052 ms 0/1447 (0%) 0.419/0.157/4.849/0.460 ms 1446 pps 5010
[  1] 4.0000-5.0000 sec  2.00 MBytes  16.8 Mbits/sec   0.054 ms 0/1446 (0%) 0.598/0.158/7.668/1.026 ms 1446 pps 3504
[  1] 5.0000-6.0000 sec  2.00 MBytes  16.8 Mbits/sec   0.060 ms 0/1446 (0%) 0.356/0.155/2.069/0.191 ms 1446 pps 5889
[  1] 6.0000-7.0000 sec  2.00 MBytes  16.8 Mbits/sec   0.027 ms 0/1446 (0%) 0.296/0.146/0.985/0.070 ms 1446 pps 7082
[  1] 7.0000-8.0000 sec  2.00 MBytes  16.8 Mbits/sec   0.018 ms 0/1447 (0%) 0.274/0.157/0.732/0.055 ms 1446 pps 7645
[  1] 8.0000-9.0000 sec  2.00 MBytes  16.8 Mbits/sec   0.033 ms 0/1446 (0%) 0.284/0.163/1.131/0.081 ms 1446 pps 7389
[  1] 9.0000-10.0000 sec  2.00 MBytes  16.8 Mbits/sec   0.043 ms 0/1446 (0%) 0.278/0.151/0.877/0.058 ms 1447 pps 7529
[  1] 10.0000-11.0000 sec  2.00 MBytes  16.8 Mbits/sec   0.029 ms 0/1447 (0%) 0.273/0.164/1.161/0.055 ms 1446 pps 7680
[  1] 11.0000-12.0000 sec  2.00 MBytes  16.8 Mbits/sec   0.024 ms 0/1446 (0%) 0.274/0.159/1.885/0.088 ms 1446 pps 7656
[  1] 12.0000-13.0000 sec  2.00 MBytes  16.8 Mbits/sec   0.120 ms 0/1447 (0%) 0.295/0.163/2.111/0.139 ms 1446 pps 7105
[  1] 13.0000-14.0000 sec  2.00 MBytes  16.8 Mbits/sec   0.039 ms 0/1446 (0%) 0.377/0.157/4.606/0.519 ms 1446 pps 5562
[  1] 14.0000-15.0000 sec  2.00 MBytes  16.8 Mbits/sec   0.026 ms 1/1446 (0.069%) 0.272/0.155/0.748/0.047 ms 1445 pps 7705
[  1] 15.0000-16.0000 sec  2.00 MBytes  16.8 Mbits/sec   0.052 ms 0/1446 (0%) 0.275/0.151/0.984/0.053 ms 1446 pps 7611
[  1] 16.0000-17.0000 sec  2.00 MBytes  16.8 Mbits/sec   0.104 ms 0/1447 (0%) 0.362/0.168/3.042/0.242 ms 1447 pps 5797
[  1] 17.0000-18.0000 sec  2.00 MBytes  16.8 Mbits/sec   0.115 ms 0/1444 (0%) 0.423/0.154/3.245/0.332 ms 1446 pps 4946
[  1] 18.0000-19.0000 sec  2.00 MBytes  16.8 Mbits/sec   0.051 ms 0/1448 (0%) 0.501/0.170/3.372/0.401 ms 1447 pps 4193
[  1] 19.0000-20.0000 sec  2.00 MBytes  16.8 Mbits/sec   0.084 ms 0/1447 (0%) 0.459/0.143/3.566/0.389 ms 1446 pps 4573
[  1] 20.0000-21.0000 sec  2.00 MBytes  16.8 Mbits/sec   0.083 ms 0/1446 (0%) 0.404/0.174/3.932/0.396 ms 1446 pps 5190
[  1] 21.0000-22.0000 sec  2.00 MBytes  16.8 Mbits/sec   0.071 ms 0/1446 (0%) 0.304/0.161/1.508/0.106 ms 1447 pps 6886
[  1] 22.0000-23.0000 sec  2.00 MBytes  16.8 Mbits/sec   0.049 ms 0/1446 (0%) 0.348/0.141/1.627/0.160 ms 1446 pps 6033
[  1] 23.0000-24.0000 sec  2.00 MBytes  16.8 Mbits/sec   0.058 ms 0/1447 (0%) 0.367/0.167/2.023/0.218 ms 1446 pps 5722
[  1] 24.0000-25.0000 sec  2.00 MBytes  16.8 Mbits/sec   0.064 ms 0/1446 (0%) 0.323/0.158/1.830/0.149 ms 1446 pps 6497
[  1] 25.0000-26.0000 sec  2.00 MBytes  16.8 Mbits/sec   0.121 ms 0/1446 (0%) 0.309/0.178/1.231/0.094 ms 1446 pps 6791
[  1] 26.0000-27.0000 sec  2.00 MBytes  16.8 Mbits/sec   0.120 ms 0/1446 (0%) 0.449/0.145/3.864/0.379 ms 1446 pps 4673
[  1] 27.0000-28.0000 sec  2.00 MBytes  16.8 Mbits/sec   0.023 ms 0/1447 (0%) 0.293/0.170/0.966/0.065 ms 1447 pps 7163
[  1] 28.0000-29.0000 sec  2.00 MBytes  16.8 Mbits/sec   0.069 ms 0/1447 (0%) 0.379/0.160/2.304/0.270 ms 1446 pps 5538
[  1] 29.0000-30.0000 sec  2.00 MBytes  16.8 Mbits/sec   0.140 ms 0/1446 (0%) 0.330/0.174/1.857/0.147 ms 1446 pps 6344
[  1] 30.0000-31.0000 sec  2.00 MBytes  16.8 Mbits/sec   0.042 ms 1/1446 (0.069%) 0.289/0.166/1.268/0.077 ms 1445 pps 7258
[  1] 31.0000-32.0000 sec  2.00 MBytes  16.8 Mbits/sec   0.030 ms 0/1446 (0%) 0.273/0.166/1.048/0.060 ms 1446 pps 7667
[  1] 32.0000-33.0000 sec  2.00 MBytes  16.8 Mbits/sec   0.021 ms 0/1446 (0%) 0.284/0.166/1.051/0.063 ms 1446 pps 7375
[  1] 33.0000-34.0000 sec  2.00 MBytes  16.8 Mbits/sec   0.049 ms 0/1447 (0%) 0.280/0.158/1.057/0.067 ms 1446 pps 7494
[  1] 34.0000-35.0000 sec  2.00 MBytes  16.8 Mbits/sec   0.046 ms 0/1446 (0%) 0.291/0.174/0.988/0.079 ms 1446 pps 7197
[  1] 35.0000-36.0000 sec  2.00 MBytes  16.8 Mbits/sec   0.036 ms 0/1447 (0%) 0.340/0.159/3.224/0.301 ms 1446 pps 6171
[  1] 36.0000-37.0000 sec  2.00 MBytes  16.8 Mbits/sec   0.102 ms 0/1446 (0%) 0.285/0.170/0.867/0.078 ms 1446 pps 7360
[  1] 37.0000-38.0000 sec  2.00 MBytes  16.8 Mbits/sec   0.040 ms 0/1446 (0%) 0.341/0.146/2.391/0.185 ms 1446 pps 6141
[  1] 38.0000-39.0000 sec  2.00 MBytes  16.8 Mbits/sec   0.221 ms 0/1445 (0%) 0.684/0.147/5.752/0.968 ms 1446 pps 3063
[  1] 39.0000-40.0000 sec  2.00 MBytes  16.8 Mbits/sec   0.088 ms 0/1447 (0%) 0.458/0.140/3.410/0.405 ms 1447 pps 4582
[  1] 40.0000-41.0000 sec  2.00 MBytes  16.8 Mbits/sec   0.058 ms 0/1447 (0%) 0.312/0.161/1.649/0.130 ms 1446 pps 6724
[  1] 41.0000-42.0000 sec  2.00 MBytes  16.8 Mbits/sec   0.039 ms 0/1447 (0%) 0.317/0.176/1.498/0.118 ms 1447 pps 6628
[  1] 42.0000-43.0000 sec  2.00 MBytes  16.8 Mbits/sec   0.035 ms 0/1446 (0%) 0.303/0.178/1.253/0.093 ms 1446 pps 6911
[  1] 43.0000-44.0000 sec  2.00 MBytes  16.8 Mbits/sec   0.040 ms 0/1446 (0%) 0.282/0.157/1.193/0.080 ms 1446 pps 7432
[  1] 44.0000-45.0000 sec  2.00 MBytes  16.8 Mbits/sec   0.131 ms 0/1446 (0%) 0.473/0.149/5.725/0.711 ms 1446 pps 4434
[  1] 45.0000-46.0000 sec  2.00 MBytes  16.8 Mbits/sec   0.139 ms 0/1446 (0%) 0.428/0.146/3.799/0.383 ms 1445 pps 4900
[  1] 46.0000-47.0000 sec  2.00 MBytes  16.8 Mbits/sec   0.064 ms 0/1446 (0%) 0.533/0.184/4.979/0.581 ms 1447 pps 3931
[  1] 47.0000-48.0000 sec  2.00 MBytes  16.8 Mbits/sec   0.025 ms 0/1447 (0%) 0.338/0.173/2.083/0.186 ms 1446 pps 6204
[  1] 48.0000-49.0000 sec  2.00 MBytes  16.8 Mbits/sec   0.061 ms 0/1447 (0%) 0.357/0.153/2.247/0.189 ms 1446 pps 5873
[  1] 49.0000-50.0000 sec  2.00 MBytes  16.8 Mbits/sec   0.071 ms 0/1446 (0%) 0.318/0.158/1.508/0.125 ms 1446 pps 6584
[  1] 50.0000-51.0000 sec  2.00 MBytes  16.8 Mbits/sec   0.089 ms 0/1446 (0%) 0.343/0.158/1.492/0.150 ms 1446 pps 6117
[  1] 51.0000-52.0000 sec  2.00 MBytes  16.8 Mbits/sec   0.028 ms 0/1446 (0%) 0.312/0.163/1.383/0.104 ms 1447 pps 6710
[  1] 52.0000-53.0000 sec  2.00 MBytes  16.8 Mbits/sec   0.026 ms 0/1447 (0%) 0.410/0.157/3.721/0.426 ms 1446 pps 5122
[  1] 53.0000-54.0000 sec  2.00 MBytes  16.8 Mbits/sec   0.065 ms 0/1446 (0%) 0.286/0.136/1.764/0.096 ms 1446 pps 7324
[  1] 54.0000-55.0000 sec  2.00 MBytes  16.8 Mbits/sec   0.028 ms 0/1447 (0%) 0.288/0.175/1.124/0.070 ms 1446 pps 7293
[  1] 55.0000-56.0000 sec  2.00 MBytes  16.8 Mbits/sec   0.051 ms 0/1446 (0%) 0.318/0.159/1.918/0.142 ms 1446 pps 6600
[  1] 56.0000-57.0000 sec  2.00 MBytes  16.8 Mbits/sec   0.046 ms 0/1446 (0%) 0.354/0.165/1.593/0.179 ms 1446 pps 5922
[  1] 57.0000-58.0000 sec  2.00 MBytes  16.8 Mbits/sec   0.055 ms 0/1447 (0%) 0.321/0.157/2.141/0.148 ms 1446 pps 6527
[  1] 58.0000-59.0000 sec  2.00 MBytes  16.8 Mbits/sec   0.260 ms 0/1445 (0%) 0.429/0.163/4.242/0.437 ms 1446 pps 4879
[  1] 59.0000-60.0000 sec  2.00 MBytes  16.8 Mbits/sec   0.029 ms 0/1447 (0%) 0.322/0.164/1.939/0.142 ms 1447 pps 6506
[  1] 60.0000-61.0000 sec  2.00 MBytes  16.8 Mbits/sec   0.057 ms 0/1446 (0%) 0.303/0.171/1.658/0.097 ms 1446 pps 6915
[  1] 61.0000-62.0000 sec  2.00 MBytes  16.8 Mbits/sec   0.075 ms 0/1447 (0%) 0.301/0.149/2.441/0.117 ms 1446 pps 6982
[  1] 62.0000-63.0000 sec  2.00 MBytes  16.8 Mbits/sec   0.043 ms 0/1446 (0%) 0.316/0.161/2.088/0.130 ms 1446 pps 6629
[  1] 63.0000-64.0000 sec  2.00 MBytes  16.8 Mbits/sec   0.062 ms 0/1447 (0%) 0.327/0.175/1.683/0.139 ms 1447 pps 6421
[  1] 64.0000-65.0000 sec  2.00 MBytes  16.8 Mbits/sec   0.036 ms 0/1445 (0%) 0.416/0.182/4.162/0.421 ms 1446 pps 5033
[  1] 65.0000-66.0000 sec  2.00 MBytes  16.8 Mbits/sec   0.069 ms 0/1447 (0%) 0.299/0.172/1.046/0.067 ms 1446 pps 7011
[  1] 66.0000-67.0000 sec  2.00 MBytes  16.8 Mbits/sec   0.041 ms 0/1446 (0%) 0.319/0.159/1.672/0.102 ms 1446 pps 6571
[  1] 67.0000-68.0000 sec  2.00 MBytes  16.8 Mbits/sec   0.028 ms 0/1446 (0%) 0.318/0.166/1.192/0.073 ms 1447 pps 6587
Waiting for server threads to complete. Interrupt again to force quit.
[  1] 68.0000-68.2820 sec   579 KBytes  16.8 Mbits/sec   0.052 ms 0/409 (0%) 0.329/0.207/1.244/0.085 ms 1447 pps 6383
[  1] 0.0000-68.2820 sec   137 MBytes  16.8 Mbits/sec   0.052 ms 2/98761 (0.002%) 0.359/0.136/9.723/0.350 ms 1446 pps 5842
[  1] 0.0000-68.2820 sec  2 datagrams received out-of-order
