------------------------------------------------------------
Server listening on UDP port 6002 with pid 13670
Joining multicast group  ff38::2
Read buffer size: 1.44 KByte (Dist bin width= 183 Byte)
Server set to single client traffic mode (per multicast receive)
UDP buffer size:  208 KByte (default)
------------------------------------------------------------
[  1] local ff38::2%h5-eth0 port 6002 connected with 2001:db8::4 port 33466 (sock=3) (peer 2.1.5) on 2025-07-02 13:01:55 (CST)
[ ID] Interval            Transfer     Bandwidth        Jitter   Lost/Total  Latency avg/min/max/stdev PPS NetPwr
[  1] 0.0000-1.0000 sec  2.27 MBytes  19.1 Mbits/sec   0.142 ms 0/1643 (0%) 32.378/6.513/51.221/11.216 ms 1644 pps 74
[  1] 1.0000-2.0000 sec  2.29 MBytes  19.2 Mbits/sec   1.122 ms 0/1654 (0%) 43.572/27.398/56.930/8.671 ms 1654 pps 55
[  1] 2.0000-3.0000 sec  2.29 MBytes  19.2 Mbits/sec   1.052 ms 0/1653 (0%) 40.458/26.051/56.002/8.177 ms 1653 pps 59
[  1] 2.0000-3.0000 sec  2 datagrams received out-of-order
[  1] 3.0000-4.0000 sec  2.29 MBytes  19.2 Mbits/sec   1.126 ms 0/1653 (0%) 40.038/25.744/54.457/8.161 ms 1653 pps 60
[  1] 3.0000-4.0000 sec  1 datagrams received out-of-order
[  1] 4.0000-5.0000 sec  2.29 MBytes  19.2 Mbits/sec   1.130 ms 0/1653 (0%) 38.862/23.718/53.977/8.207 ms 1653 pps 62
[  1] 4.0000-5.0000 sec  3 datagrams received out-of-order
[  1] 5.0000-6.0000 sec  2.29 MBytes  19.2 Mbits/sec   1.058 ms 0/1654 (0%) 37.604/23.159/51.877/8.163 ms 1654 pps 64
[  1] 6.0000-7.0000 sec  2.29 MBytes  19.2 Mbits/sec   1.062 ms 0/1653 (0%) 37.529/22.628/51.780/8.172 ms 1653 pps 64
[  1] 7.0000-8.0000 sec  2.29 MBytes  19.2 Mbits/sec   1.060 ms 0/1653 (0%) 37.813/22.799/52.074/8.173 ms 1654 pps 63
[  1] 8.0000-9.0000 sec  2.29 MBytes  19.2 Mbits/sec   1.033 ms 0/1654 (0%) 37.844/23.564/51.982/8.150 ms 1653 pps 63
[  1] 9.0000-10.0000 sec  2.29 MBytes  19.2 Mbits/sec   1.189 ms 0/1653 (0%) 37.818/21.787/51.982/8.216 ms 1653 pps 63
[  1] 10.0000-11.0000 sec  2.29 MBytes  19.2 Mbits/sec   1.411 ms 0/1653 (0%) 37.846/22.019/52.201/8.207 ms 1653 pps 63
[  1] 11.0000-12.0000 sec  2.29 MBytes  19.2 Mbits/sec   1.232 ms 0/1654 (0%) 37.818/23.682/52.354/8.148 ms 1653 pps 63
[  1] 12.0000-13.0000 sec  2.29 MBytes  19.2 Mbits/sec   1.035 ms 0/1653 (0%) 37.929/23.785/52.129/8.115 ms 1653 pps 63
[  1] 13.0000-14.0000 sec  2.29 MBytes  19.2 Mbits/sec   0.867 ms 0/1653 (0%) 37.986/23.688/52.439/8.129 ms 1654 pps 63
[  1] 14.0000-15.0000 sec  2.29 MBytes  19.2 Mbits/sec   0.778 ms 0/1654 (0%) 37.940/23.706/52.412/8.135 ms 1653 pps 63
[  1] 15.0000-16.0000 sec  2.29 MBytes  19.2 Mbits/sec   0.736 ms 0/1653 (0%) 37.936/23.616/52.211/8.154 ms 1653 pps 63
[  1] 16.0000-17.0000 sec  2.29 MBytes  19.2 Mbits/sec   1.985 ms 0/1654 (0%) 37.952/23.753/52.253/8.166 ms 1654 pps 63
[  1] 17.0000-18.0000 sec  2.29 MBytes  19.2 Mbits/sec   1.529 ms 0/1653 (0%) 37.878/23.763/52.353/8.141 ms 1653 pps 63
[  1] 18.0000-19.0000 sec  2.29 MBytes  19.2 Mbits/sec   1.249 ms 0/1654 (0%) 37.857/23.658/52.457/8.158 ms 1653 pps 63
[  1] 19.0000-20.0000 sec  2.29 MBytes  19.2 Mbits/sec   1.000 ms 0/1653 (0%) 37.945/23.796/52.399/8.119 ms 1653 pps 63
[  1] 20.0000-21.0000 sec  2.29 MBytes  19.2 Mbits/sec   0.830 ms 0/1654 (0%) 37.922/23.660/52.267/8.126 ms 1654 pps 63
[  1] 21.0000-22.0000 sec  2.29 MBytes  19.2 Mbits/sec   0.751 ms 0/1653 (0%) 37.847/23.655/52.284/8.151 ms 1653 pps 63
[  1] 22.0000-23.0000 sec  2.29 MBytes  19.2 Mbits/sec   0.708 ms 0/1654 (0%) 37.907/23.507/52.184/8.162 ms 1653 pps 63
[  1] 23.0000-24.0000 sec  2.28 MBytes  19.1 Mbits/sec   0.748 ms 0/1649 (0%) 38.783/23.478/54.340/8.241 ms 1650 pps 62
[  1] 24.0000-25.0000 sec  2.29 MBytes  19.2 Mbits/sec   0.701 ms 0/1654 (0%) 40.087/25.845/54.399/8.174 ms 1653 pps 60
[  1] 25.0000-26.0000 sec  2.29 MBytes  19.2 Mbits/sec   1.848 ms 0/1653 (0%) 39.943/25.469/54.347/8.181 ms 1653 pps 60
[  1] 26.0000-27.0000 sec  2.29 MBytes  19.2 Mbits/sec   1.758 ms 0/1654 (0%) 40.019/25.885/54.485/8.191 ms 1653 pps 60
[  1] 26.0000-27.0000 sec  1 datagrams received out-of-order
[  1] 27.0000-28.0000 sec  2.29 MBytes  19.2 Mbits/sec   1.342 ms 0/1653 (0%) 40.039/25.899/54.360/8.140 ms 1654 pps 60
[  1] 28.0000-29.0000 sec  2.29 MBytes  19.2 Mbits/sec   1.129 ms 0/1653 (0%) 39.931/25.487/54.206/8.155 ms 1653 pps 60
[  1] 28.0000-29.0000 sec  1 datagrams received out-of-order
[  1] 29.0000-30.0000 sec  2.29 MBytes  19.2 Mbits/sec   1.007 ms 0/1654 (0%) 39.779/25.413/54.094/8.168 ms 1653 pps 60
[  1] 30.0000-31.0000 sec  2.29 MBytes  19.2 Mbits/sec   0.834 ms 0/1653 (0%) 39.745/25.692/54.123/8.127 ms 1653 pps 60
[  1] 31.0000-32.0000 sec  2.29 MBytes  19.2 Mbits/sec   0.755 ms 0/1654 (0%) 39.807/25.684/54.013/8.149 ms 1653 pps 60
[  1] 32.0000-33.0000 sec  2.29 MBytes  19.2 Mbits/sec   0.718 ms 0/1653 (0%) 39.780/25.740/54.215/8.176 ms 1654 pps 60
[  1] 33.0000-34.0000 sec  2.29 MBytes  19.2 Mbits/sec   0.702 ms 0/1654 (0%) 39.751/25.356/54.098/8.199 ms 1653 pps 60
[  1] 33.0000-34.0000 sec  1 datagrams received out-of-order
[  1] 34.0000-35.0000 sec  2.29 MBytes  19.2 Mbits/sec   2.264 ms 0/1653 (0%) 39.752/25.267/53.929/8.197 ms 1653 pps 60
[  1] 35.0000-36.0000 sec  2.29 MBytes  19.2 Mbits/sec   2.148 ms 0/1653 (0%) 39.647/25.230/54.117/8.193 ms 1653 pps 60
[  1] 35.0000-36.0000 sec  1 datagrams received out-of-order
[  1] 36.0000-37.0000 sec  2.29 MBytes  19.2 Mbits/sec   1.711 ms 0/1654 (0%) 39.688/25.502/54.180/8.194 ms 1653 pps 60
[  1] 37.0000-38.0000 sec  2.29 MBytes  19.2 Mbits/sec   1.293 ms 0/1653 (0%) 39.611/25.519/53.954/8.169 ms 1653 pps 61
[  1] 38.0000-39.0000 sec  2.29 MBytes  19.2 Mbits/sec   1.240 ms 0/1654 (0%) 39.678/25.492/54.028/8.190 ms 1653 pps 60
[  1] 39.0000-40.0000 sec  2.29 MBytes  19.2 Mbits/sec   1.032 ms 0/1653 (0%) 39.675/25.481/53.947/8.156 ms 1653 pps 60
[  1] 40.0000-41.0000 sec  2.29 MBytes  19.2 Mbits/sec   0.996 ms 0/1653 (0%) 39.651/23.806/54.000/8.190 ms 1653 pps 60
[  1] 41.0000-42.0000 sec  2.29 MBytes  19.2 Mbits/sec   0.879 ms 0/1654 (0%) 39.669/25.458/53.971/8.164 ms 1653 pps 60
[  1] 42.0000-43.0000 sec  2.29 MBytes  19.2 Mbits/sec   0.816 ms 0/1653 (0%) 39.723/25.488/53.942/8.149 ms 1654 pps 60
[  1] 43.0000-44.0000 sec  2.29 MBytes  19.2 Mbits/sec   0.754 ms 0/1653 (0%) 39.698/25.471/54.064/8.159 ms 1653 pps 60
[  1] 44.0000-45.0000 sec  2.29 MBytes  19.2 Mbits/sec   0.720 ms 0/1653 (0%) 39.700/25.086/53.801/8.176 ms 1653 pps 60
[  1] 45.0000-46.0000 sec  2.29 MBytes  19.2 Mbits/sec   0.756 ms 0/1653 (0%) 39.631/23.170/54.128/8.194 ms 1653 pps 60
[  1] 45.0000-46.0000 sec  1 datagrams received out-of-order
[  1] 46.0000-47.0000 sec  2.29 MBytes  19.2 Mbits/sec   0.752 ms 0/1653 (0%) 40.244/26.036/54.603/8.181 ms 1653 pps 60
[  1] 47.0000-48.0000 sec  2.29 MBytes  19.2 Mbits/sec   0.742 ms 0/1653 (0%) 40.309/26.054/54.570/8.156 ms 1653 pps 59
[  1] 48.0000-49.0000 sec  2.29 MBytes  19.2 Mbits/sec   0.694 ms 0/1654 (0%) 40.330/26.182/54.612/8.208 ms 1654 pps 59
[  1] 49.0000-50.0000 sec  2.29 MBytes  19.2 Mbits/sec   1.866 ms 0/1653 (0%) 40.206/25.900/54.466/8.199 ms 1653 pps 60
[  1] 50.0000-51.0000 sec  2.29 MBytes  19.2 Mbits/sec   1.302 ms 0/1654 (0%) 40.173/26.102/54.481/8.145 ms 1654 pps 60
[  1] 51.0000-52.0000 sec  2.29 MBytes  19.2 Mbits/sec   1.157 ms 0/1653 (0%) 40.233/25.924/54.470/8.165 ms 1653 pps 60
[  1] 52.0000-53.0000 sec  2.29 MBytes  19.2 Mbits/sec   1.119 ms 0/1654 (0%) 40.277/25.901/54.730/8.183 ms 1653 pps 60
[  1] 52.0000-53.0000 sec  1 datagrams received out-of-order
[  1] 53.0000-54.0000 sec  2.29 MBytes  19.2 Mbits/sec   1.003 ms 0/1653 (0%) 40.230/26.010/54.424/8.154 ms 1653 pps 60
[  1] 54.0000-55.0000 sec  2.29 MBytes  19.2 Mbits/sec   0.872 ms 0/1654 (0%) 40.337/25.858/54.711/8.149 ms 1653 pps 59
[  1] 55.0000-56.0000 sec  2.29 MBytes  19.2 Mbits/sec   0.872 ms 0/1653 (0%) 40.305/25.671/54.634/8.182 ms 1654 pps 59
[  1] 56.0000-57.0000 sec  2.29 MBytes  19.2 Mbits/sec   0.800 ms 0/1653 (0%) 40.364/26.392/54.652/8.139 ms 1653 pps 59
[  1] 57.0000-58.0000 sec  2.29 MBytes  19.2 Mbits/sec   0.718 ms 0/1654 (0%) 40.405/26.245/54.801/8.175 ms 1653 pps 59
[  1] 58.0000-59.0000 sec  2.29 MBytes  19.2 Mbits/sec   2.097 ms 0/1653 (0%) 40.335/26.321/54.633/8.201 ms 1653 pps 59
[  1] 59.0000-60.0000 sec  2.29 MBytes  19.2 Mbits/sec   1.428 ms 0/1654 (0%) 40.226/26.370/54.572/8.175 ms 1654 pps 60
[  1] 60.0000-61.0000 sec  2.29 MBytes  19.2 Mbits/sec   1.168 ms 0/1653 (0%) 40.262/26.138/54.665/8.162 ms 1653 pps 60
[  1] 61.0000-62.0000 sec  2.29 MBytes  19.2 Mbits/sec   0.982 ms 0/1653 (0%) 40.288/26.109/54.500/8.153 ms 1654 pps 59
[  1] 62.0000-63.0000 sec  2.29 MBytes  19.2 Mbits/sec   0.841 ms 0/1654 (0%) 40.303/26.170/54.674/8.146 ms 1653 pps 60
[  1] 63.0000-64.0000 sec  2.29 MBytes  19.2 Mbits/sec   0.784 ms 0/1653 (0%) 40.336/25.949/54.688/8.166 ms 1653 pps 59
[  1] 64.0000-65.0000 sec  2.29 MBytes  19.2 Mbits/sec   0.727 ms 0/1653 (0%) 40.309/26.057/54.699/8.168 ms 1654 pps 59
[  1] 65.0000-66.0000 sec  2.29 MBytes  19.2 Mbits/sec   0.700 ms 0/1654 (0%) 40.330/26.082/54.486/8.211 ms 1653 pps 59
[  1] 66.0000-67.0000 sec  2.29 MBytes  19.2 Mbits/sec   1.633 ms 0/1654 (0%) 40.296/26.140/54.641/8.219 ms 1654 pps 60
[  1] 67.0000-68.0000 sec  2.29 MBytes  19.2 Mbits/sec   1.364 ms 0/1653 (0%) 40.364/26.125/54.646/8.210 ms 1653 pps 59
Waiting for server threads to complete. Interrupt again to force quit.
[  1] 68.0000-68.7145 sec  1.63 MBytes  19.2 Mbits/sec   1.088 ms 0/1182 (0%) 40.302/26.251/54.568/8.168 ms 1654 pps 60
[  1] 0.0000-68.7145 sec   157 MBytes  19.2 Mbits/sec   1.088 ms 0/113598 (0%) 39.377/6.513/56.930/8.344 ms 1653 pps 61
[  1] 0.0000-68.7145 sec  12 datagrams received out-of-order
