------------------------------------------------------------
Server listening on UDP port 6004 with pid 14059
Joining multicast group  ff38::4
Read buffer size: 1.44 KByte (Dist bin width= 183 Byte)
Server set to single client traffic mode (per multicast receive)
UDP buffer size:  208 KByte (default)
------------------------------------------------------------
[  1] local ff38::4%h1-eth0 port 6004 connected with 2001:db8::6 port 47231 (sock=3) (peer 2.1.5) on 2025-07-02 13:02:00 (CST)
[ ID] Interval            Transfer     Bandwidth        Jitter   Lost/Total  Latency avg/min/max/stdev PPS NetPwr
[  1] 0.0000-1.0000 sec  2.01 MBytes  16.8 Mbits/sec   0.152 ms 0/1450 (0%) 0.982/0.293/10.458/1.405 ms 1451 pps 2141
[  1] 0.0000-1.0000 sec  5 datagrams received out-of-order
[  1] 1.0000-2.0000 sec  2.00 MBytes  16.8 Mbits/sec   0.161 ms 0/1446 (0%) 0.671/0.264/3.175/0.337 ms 1446 pps 3124
[  1] 1.0000-2.0000 sec  4 datagrams received out-of-order
[  1] 2.0000-3.0000 sec  2.00 MBytes  16.8 Mbits/sec   0.031 ms 0/1446 (0%) 0.606/0.248/2.891/0.315 ms 1447 pps 3458
[  1] 2.0000-3.0000 sec  1 datagrams received out-of-order
[  1] 3.0000-4.0000 sec  2.00 MBytes  16.8 Mbits/sec   0.050 ms 0/1447 (0%) 0.448/0.187/4.883/0.461 ms 1446 pps 4687
[  1] 4.0000-5.0000 sec  2.00 MBytes  16.8 Mbits/sec   0.056 ms 0/1446 (0%) 0.625/0.160/7.692/1.027 ms 1446 pps 3352
[  1] 5.0000-6.0000 sec  2.00 MBytes  16.8 Mbits/sec   0.060 ms 0/1446 (0%) 0.385/0.172/2.097/0.193 ms 1446 pps 5451
[  1] 6.0000-7.0000 sec  2.00 MBytes  16.8 Mbits/sec   0.027 ms 0/1446 (0%) 0.323/0.200/1.004/0.071 ms 1446 pps 6491
[  1] 7.0000-8.0000 sec  2.00 MBytes  16.8 Mbits/sec   0.017 ms 0/1447 (0%) 0.300/0.172/0.762/0.055 ms 1446 pps 7000
[  1] 8.0000-9.0000 sec  2.00 MBytes  16.8 Mbits/sec   0.032 ms 0/1446 (0%) 0.309/0.187/1.157/0.082 ms 1446 pps 6780
[  1] 9.0000-10.0000 sec  2.00 MBytes  16.8 Mbits/sec   0.042 ms 0/1447 (0%) 0.304/0.177/0.897/0.058 ms 1446 pps 6904
[  1] 10.0000-11.0000 sec  2.00 MBytes  16.8 Mbits/sec   0.029 ms 0/1446 (0%) 0.299/0.195/1.187/0.056 ms 1446 pps 7012
[  1] 11.0000-12.0000 sec  2.00 MBytes  16.8 Mbits/sec   0.023 ms 0/1446 (0%) 0.299/0.173/1.913/0.086 ms 1446 pps 7017
[  1] 12.0000-13.0000 sec  2.00 MBytes  16.8 Mbits/sec   0.120 ms 0/1447 (0%) 0.321/0.177/2.137/0.140 ms 1446 pps 6528
[  1] 13.0000-14.0000 sec  2.00 MBytes  16.8 Mbits/sec   0.039 ms 0/1446 (0%) 0.403/0.175/4.639/0.521 ms 1446 pps 5202
[  1] 14.0000-15.0000 sec  2.00 MBytes  16.8 Mbits/sec   0.030 ms 1/1446 (0.069%) 0.298/0.162/0.774/0.048 ms 1445 pps 7039
[  1] 15.0000-16.0000 sec  2.00 MBytes  16.8 Mbits/sec   0.053 ms 0/1447 (0%) 0.301/0.166/1.006/0.053 ms 1446 pps 6968
[  1] 16.0000-17.0000 sec  2.00 MBytes  16.8 Mbits/sec   0.105 ms 0/1446 (0%) 0.391/0.161/3.071/0.244 ms 1446 pps 5364
[  1] 17.0000-18.0000 sec  2.00 MBytes  16.8 Mbits/sec   0.114 ms 0/1444 (0%) 0.452/0.181/3.271/0.335 ms 1446 pps 4627
[  1] 18.0000-19.0000 sec  2.00 MBytes  16.8 Mbits/sec   0.062 ms 0/1449 (0%) 0.532/0.197/3.402/0.403 ms 1447 pps 3951
[  1] 19.0000-20.0000 sec  2.00 MBytes  16.8 Mbits/sec   0.083 ms 0/1446 (0%) 0.489/0.160/3.605/0.393 ms 1446 pps 4284
[  1] 20.0000-21.0000 sec  2.00 MBytes  16.8 Mbits/sec   0.083 ms 0/1446 (0%) 0.433/0.197/3.976/0.398 ms 1446 pps 4848
[  1] 21.0000-22.0000 sec  2.00 MBytes  16.8 Mbits/sec   0.072 ms 0/1446 (0%) 0.331/0.184/1.544/0.108 ms 1447 pps 6328
[  1] 22.0000-23.0000 sec  2.00 MBytes  16.8 Mbits/sec   0.050 ms 0/1447 (0%) 0.377/0.164/1.662/0.163 ms 1446 pps 5572
[  1] 23.0000-24.0000 sec  2.00 MBytes  16.8 Mbits/sec   0.057 ms 0/1446 (0%) 0.395/0.207/2.048/0.220 ms 1446 pps 5305
[  1] 24.0000-25.0000 sec  2.00 MBytes  16.8 Mbits/sec   0.065 ms 0/1446 (0%) 0.350/0.180/1.866/0.151 ms 1446 pps 5983
[  1] 25.0000-26.0000 sec  2.00 MBytes  16.8 Mbits/sec   0.126 ms 0/1446 (0%) 0.337/0.194/1.252/0.095 ms 1446 pps 6230
[  1] 26.0000-27.0000 sec  2.00 MBytes  16.8 Mbits/sec   0.120 ms 0/1447 (0%) 0.476/0.158/3.883/0.380 ms 1447 pps 4408
[  1] 27.0000-28.0000 sec  2.00 MBytes  16.8 Mbits/sec   0.022 ms 0/1446 (0%) 0.319/0.199/0.999/0.066 ms 1447 pps 6569
[  1] 28.0000-29.0000 sec  2.00 MBytes  16.8 Mbits/sec   0.071 ms 0/1447 (0%) 0.408/0.187/2.346/0.272 ms 1446 pps 5143
[  1] 29.0000-30.0000 sec  2.00 MBytes  16.8 Mbits/sec   0.143 ms 0/1446 (0%) 0.359/0.190/1.889/0.151 ms 1446 pps 5840
[  1] 30.0000-31.0000 sec  2.00 MBytes  16.8 Mbits/sec   0.041 ms 1/1446 (0.069%) 0.314/0.192/1.285/0.078 ms 1445 pps 6667
[  1] 31.0000-32.0000 sec  2.00 MBytes  16.8 Mbits/sec   0.069 ms 0/1447 (0%) 0.300/0.190/1.069/0.062 ms 1446 pps 7004
[  1] 32.0000-33.0000 sec  2.00 MBytes  16.8 Mbits/sec   0.023 ms 0/1445 (0%) 0.310/0.196/1.078/0.063 ms 1446 pps 6762
[  1] 33.0000-34.0000 sec  2.00 MBytes  16.8 Mbits/sec   0.053 ms 0/1447 (0%) 0.306/0.172/1.080/0.069 ms 1446 pps 6858
[  1] 34.0000-35.0000 sec  2.00 MBytes  16.8 Mbits/sec   0.047 ms 0/1446 (0%) 0.318/0.193/1.029/0.080 ms 1446 pps 6592
[  1] 35.0000-36.0000 sec  2.00 MBytes  16.8 Mbits/sec   0.036 ms 0/1447 (0%) 0.367/0.173/3.260/0.304 ms 1447 pps 5722
[  1] 36.0000-37.0000 sec  2.00 MBytes  16.8 Mbits/sec   0.104 ms 0/1446 (0%) 0.311/0.183/0.913/0.080 ms 1446 pps 6743
[  1] 37.0000-38.0000 sec  2.00 MBytes  16.8 Mbits/sec   0.039 ms 0/1446 (0%) 0.369/0.166/2.418/0.186 ms 1446 pps 5679
[  1] 38.0000-39.0000 sec  2.00 MBytes  16.8 Mbits/sec   0.224 ms 0/1445 (0%) 0.714/0.169/5.785/0.971 ms 1446 pps 2936
[  1] 39.0000-40.0000 sec  2.00 MBytes  16.8 Mbits/sec   0.090 ms 0/1447 (0%) 0.487/0.163/3.436/0.405 ms 1447 pps 4312
[  1] 40.0000-41.0000 sec  2.00 MBytes  16.8 Mbits/sec   0.056 ms 0/1447 (0%) 0.339/0.177/1.692/0.132 ms 1446 pps 6196
[  1] 41.0000-42.0000 sec  2.00 MBytes  16.8 Mbits/sec   0.041 ms 0/1447 (0%) 0.345/0.162/1.540/0.123 ms 1447 pps 6076
[  1] 42.0000-43.0000 sec  2.00 MBytes  16.8 Mbits/sec   0.033 ms 0/1446 (0%) 0.330/0.206/1.291/0.093 ms 1446 pps 6348
[  1] 43.0000-44.0000 sec  2.00 MBytes  16.8 Mbits/sec   0.043 ms 0/1446 (0%) 0.307/0.173/1.215/0.080 ms 1446 pps 6826
[  1] 44.0000-45.0000 sec  2.00 MBytes  16.8 Mbits/sec   0.138 ms 0/1446 (0%) 0.500/0.157/5.776/0.715 ms 1446 pps 4197
[  1] 45.0000-46.0000 sec  2.00 MBytes  16.8 Mbits/sec   0.141 ms 0/1446 (0%) 0.458/0.180/3.841/0.386 ms 1445 pps 4577
[  1] 46.0000-47.0000 sec  2.00 MBytes  16.8 Mbits/sec   0.064 ms 0/1447 (0%) 0.561/0.197/5.015/0.581 ms 1447 pps 3738
[  1] 47.0000-48.0000 sec  2.00 MBytes  16.8 Mbits/sec   0.027 ms 0/1447 (0%) 0.365/0.197/2.098/0.186 ms 1447 pps 5753
[  1] 48.0000-49.0000 sec  2.00 MBytes  16.8 Mbits/sec   0.063 ms 0/1446 (0%) 0.387/0.191/2.278/0.191 ms 1446 pps 5423
[  1] 49.0000-50.0000 sec  2.00 MBytes  16.8 Mbits/sec   0.074 ms 0/1446 (0%) 0.346/0.148/1.538/0.126 ms 1446 pps 6065
[  1] 50.0000-51.0000 sec  2.00 MBytes  16.8 Mbits/sec   0.089 ms 0/1446 (0%) 0.370/0.158/1.518/0.152 ms 1446 pps 5661
[  1] 51.0000-52.0000 sec  2.00 MBytes  16.8 Mbits/sec   0.031 ms 0/1446 (0%) 0.341/0.196/1.445/0.106 ms 1447 pps 6153
[  1] 52.0000-53.0000 sec  2.00 MBytes  16.8 Mbits/sec   0.027 ms 0/1447 (0%) 0.436/0.177/3.753/0.427 ms 1446 pps 4814
[  1] 53.0000-54.0000 sec  2.00 MBytes  16.8 Mbits/sec   0.066 ms 0/1446 (0%) 0.311/0.159/1.789/0.096 ms 1446 pps 6740
[  1] 54.0000-55.0000 sec  2.00 MBytes  16.8 Mbits/sec   0.030 ms 0/1447 (0%) 0.314/0.215/1.161/0.071 ms 1446 pps 6675
[  1] 55.0000-56.0000 sec  2.00 MBytes  16.8 Mbits/sec   0.050 ms 0/1446 (0%) 0.345/0.189/1.950/0.145 ms 1446 pps 6074
[  1] 56.0000-57.0000 sec  2.00 MBytes  16.8 Mbits/sec   0.045 ms 0/1446 (0%) 0.382/0.193/1.611/0.181 ms 1446 pps 5482
[  1] 57.0000-58.0000 sec  2.00 MBytes  16.8 Mbits/sec   0.054 ms 0/1447 (0%) 0.349/0.181/2.175/0.149 ms 1446 pps 6017
[  1] 58.0000-59.0000 sec  2.00 MBytes  16.8 Mbits/sec   0.268 ms 0/1445 (0%) 0.457/0.187/4.271/0.439 ms 1446 pps 4588
[  1] 59.0000-60.0000 sec  2.00 MBytes  16.8 Mbits/sec   0.031 ms 0/1447 (0%) 0.350/0.187/1.966/0.143 ms 1447 pps 6003
[  1] 60.0000-61.0000 sec  2.00 MBytes  16.8 Mbits/sec   0.055 ms 0/1447 (0%) 0.330/0.186/1.705/0.099 ms 1446 pps 6364
[  1] 61.0000-62.0000 sec  2.00 MBytes  16.8 Mbits/sec   0.076 ms 0/1446 (0%) 0.326/0.163/2.462/0.118 ms 1446 pps 6436
[  1] 62.0000-63.0000 sec  2.00 MBytes  16.8 Mbits/sec   0.047 ms 0/1446 (0%) 0.343/0.202/2.122/0.130 ms 1446 pps 6120
[  1] 63.0000-64.0000 sec  2.00 MBytes  16.8 Mbits/sec   0.063 ms 0/1447 (0%) 0.353/0.198/1.837/0.141 ms 1447 pps 5939
[  1] 64.0000-65.0000 sec  2.00 MBytes  16.8 Mbits/sec   0.041 ms 0/1446 (0%) 0.444/0.210/4.197/0.423 ms 1446 pps 4718
[  1] 65.0000-66.0000 sec  2.00 MBytes  16.8 Mbits/sec   0.071 ms 0/1446 (0%) 0.327/0.198/1.078/0.069 ms 1446 pps 6412
[  1] 66.0000-67.0000 sec  2.00 MBytes  16.8 Mbits/sec   0.044 ms 0/1446 (0%) 0.345/0.182/1.711/0.104 ms 1446 pps 6070
Waiting for server threads to complete. Interrupt again to force quit.
[  1] 67.0000-67.8692 sec  1.74 MBytes  16.8 Mbits/sec   0.043 ms 0/1258 (0%) 0.345/0.187/1.208/0.075 ms 1447 pps 6080
[  1] 0.0000-67.8692 sec   136 MBytes  16.8 Mbits/sec   0.043 ms 2/98164 (0.002%) 0.393/0.148/10.458/0.363 ms 1446 pps 5335
[  1] 0.0000-67.8692 sec  10 datagrams received out-of-order
