------------------------------------------------------------
Server listening on UDP port 6003 with pid 13908
Joining multicast group  ff38::3
Read buffer size: 1.44 KByte (Dist bin width= 183 Byte)
Server set to single client traffic mode (per multicast receive)
UDP buffer size:  208 KByte (default)
------------------------------------------------------------
[  1] local ff38::3%h1-eth0 port 6003 connected with 2001:db8::3 port 46197 (sock=3) (peer 2.1.5) on 2025-07-02 13:01:56 (CST)
[ ID] Interval            Transfer     Bandwidth        Jitter   Lost/Total  Latency avg/min/max/stdev PPS NetPwr
[  1] 0.0000-1.0000 sec  1.25 MBytes  10.5 Mbits/sec   0.218 ms 0/906 (0%) 0.491/0.277/4.875/0.292 ms 907 pps 2676
[  1] 0.0000-1.0000 sec  2 datagrams received out-of-order
[  1] 1.0000-2.0000 sec  1.25 MBytes  10.5 Mbits/sec   0.063 ms 0/905 (0%) 0.558/0.244/2.630/0.282 ms 904 pps 2351
[  1] 2.0000-3.0000 sec  1.25 MBytes  10.5 Mbits/sec   0.126 ms 0/903 (0%) 0.598/0.236/3.715/0.343 ms 904 pps 2191
[  1] 3.0000-4.0000 sec  1.25 MBytes  10.5 Mbits/sec   0.227 ms 0/904 (0%) 0.601/0.241/3.953/0.403 ms 904 pps 2179
[  1] 3.0000-4.0000 sec  2 datagrams received out-of-order
[  1] 4.0000-5.0000 sec  1.25 MBytes  10.5 Mbits/sec   0.052 ms 0/904 (0%) 0.457/0.183/2.463/0.229 ms 904 pps 2871
[  1] 5.0000-6.0000 sec  1.25 MBytes  10.5 Mbits/sec   0.135 ms 0/904 (0%) 0.416/0.190/1.460/0.188 ms 904 pps 3154
[  1] 6.0000-7.0000 sec  1.25 MBytes  10.5 Mbits/sec   0.061 ms 0/904 (0%) 0.385/0.177/2.717/0.207 ms 904 pps 3405
[  1] 7.0000-8.0000 sec  1.25 MBytes  10.5 Mbits/sec   0.038 ms 0/904 (0%) 0.377/0.167/2.327/0.200 ms 904 pps 3473
[  1] 8.0000-9.0000 sec  1.25 MBytes  10.5 Mbits/sec   0.133 ms 0/904 (0%) 0.406/0.185/4.109/0.380 ms 904 pps 3225
[  1] 9.0000-10.0000 sec  1.25 MBytes  10.5 Mbits/sec   0.043 ms 0/904 (0%) 0.369/0.205/1.642/0.144 ms 904 pps 3548
[  1] 10.0000-11.0000 sec  1.25 MBytes  10.5 Mbits/sec   0.039 ms 0/904 (0%) 0.302/0.186/1.148/0.101 ms 904 pps 4342
[  1] 11.0000-12.0000 sec  1.25 MBytes  10.5 Mbits/sec   0.051 ms 0/904 (0%) 0.287/0.187/1.317/0.063 ms 904 pps 4570
[  1] 12.0000-13.0000 sec  1.25 MBytes  10.5 Mbits/sec   0.040 ms 0/904 (0%) 0.292/0.174/2.211/0.112 ms 904 pps 4497
[  1] 13.0000-14.0000 sec  1.25 MBytes  10.5 Mbits/sec   0.044 ms 0/904 (0%) 0.274/0.173/0.945/0.054 ms 904 pps 4776
[  1] 14.0000-15.0000 sec  1.25 MBytes  10.5 Mbits/sec   0.028 ms 0/904 (0%) 0.277/0.169/0.682/0.052 ms 904 pps 4738
[  1] 15.0000-16.0000 sec  1.25 MBytes  10.5 Mbits/sec   0.038 ms 0/904 (0%) 0.275/0.159/0.672/0.046 ms 904 pps 4773
[  1] 16.0000-17.0000 sec  1.25 MBytes  10.5 Mbits/sec   0.042 ms 0/904 (0%) 0.277/0.162/1.642/0.081 ms 904 pps 4738
[  1] 17.0000-18.0000 sec  1.25 MBytes  10.5 Mbits/sec   0.028 ms 0/904 (0%) 0.339/0.173/5.468/0.387 ms 904 pps 3868
[  1] 18.0000-19.0000 sec  1.25 MBytes  10.5 Mbits/sec   0.024 ms 0/904 (0%) 0.275/0.158/0.758/0.048 ms 904 pps 4762
[  1] 19.0000-20.0000 sec  1.25 MBytes  10.5 Mbits/sec   0.033 ms 0/904 (0%) 0.278/0.170/0.671/0.047 ms 904 pps 4710
[  1] 20.0000-21.0000 sec  1.25 MBytes  10.5 Mbits/sec   0.113 ms 0/904 (0%) 0.385/0.175/1.841/0.186 ms 904 pps 3401
[  1] 21.0000-22.0000 sec  1.25 MBytes  10.5 Mbits/sec   0.340 ms 0/903 (0%) 0.446/0.183/4.423/0.367 ms 904 pps 2934
[  1] 22.0000-23.0000 sec  1.25 MBytes  10.5 Mbits/sec   0.230 ms 0/904 (0%) 0.523/0.194/4.318/0.456 ms 904 pps 2504
[  1] 23.0000-24.0000 sec  1.25 MBytes  10.5 Mbits/sec   0.151 ms 0/904 (0%) 0.417/0.169/2.118/0.229 ms 904 pps 3147
[  1] 24.0000-25.0000 sec  1.25 MBytes  10.5 Mbits/sec   0.047 ms 0/904 (0%) 0.388/0.185/4.279/0.393 ms 904 pps 3379
[  1] 25.0000-26.0000 sec  1.25 MBytes  10.5 Mbits/sec   0.076 ms 0/904 (0%) 0.311/0.187/1.443/0.113 ms 904 pps 4209
[  1] 26.0000-27.0000 sec  1.25 MBytes  10.5 Mbits/sec   0.192 ms 0/904 (0%) 0.405/0.179/2.866/0.250 ms 904 pps 3239
[  1] 27.0000-28.0000 sec  1.25 MBytes  10.5 Mbits/sec   0.141 ms 0/904 (0%) 0.370/0.196/2.300/0.191 ms 904 pps 3542
[  1] 28.0000-29.0000 sec  1.25 MBytes  10.5 Mbits/sec   0.062 ms 0/904 (0%) 0.326/0.174/2.031/0.119 ms 904 pps 4019
[  1] 29.0000-30.0000 sec  1.25 MBytes  10.5 Mbits/sec   0.312 ms 0/904 (0%) 0.354/0.195/3.190/0.233 ms 904 pps 3706
[  1] 30.0000-31.0000 sec  1.25 MBytes  10.5 Mbits/sec   0.056 ms 0/904 (0%) 0.474/0.172/4.055/0.438 ms 904 pps 2763
[  1] 31.0000-32.0000 sec  1.25 MBytes  10.5 Mbits/sec   0.024 ms 0/904 (0%) 0.305/0.176/1.165/0.091 ms 904 pps 4298
[  1] 32.0000-33.0000 sec  1.25 MBytes  10.5 Mbits/sec   0.055 ms 0/904 (0%) 0.450/0.178/4.548/0.388 ms 904 pps 2915
[  1] 33.0000-34.0000 sec  1.25 MBytes  10.5 Mbits/sec   0.046 ms 0/904 (0%) 0.340/0.176/2.189/0.154 ms 904 pps 3859
[  1] 34.0000-35.0000 sec  1.25 MBytes  10.5 Mbits/sec   0.028 ms 0/904 (0%) 0.289/0.178/0.872/0.068 ms 904 pps 4543
[  1] 35.0000-36.0000 sec  1.25 MBytes  10.5 Mbits/sec   0.024 ms 0/904 (0%) 0.282/0.177/0.951/0.064 ms 904 pps 4645
[  1] 36.0000-37.0000 sec  1.25 MBytes  10.5 Mbits/sec   0.040 ms 0/904 (0%) 0.272/0.171/0.733/0.048 ms 904 pps 4820
[  1] 37.0000-38.0000 sec  1.25 MBytes  10.5 Mbits/sec   0.029 ms 0/904 (0%) 0.289/0.169/1.447/0.087 ms 904 pps 4535
[  1] 38.0000-39.0000 sec  1.25 MBytes  10.5 Mbits/sec   0.026 ms 0/904 (0%) 0.301/0.171/0.959/0.086 ms 904 pps 4351
[  1] 39.0000-40.0000 sec  1.25 MBytes  10.5 Mbits/sec   0.030 ms 0/904 (0%) 0.298/0.173/1.681/0.113 ms 904 pps 4403
[  1] 40.0000-41.0000 sec  1.25 MBytes  10.5 Mbits/sec   0.076 ms 0/903 (0%) 0.321/0.169/1.159/0.115 ms 904 pps 4073
[  1] 41.0000-42.0000 sec  1.25 MBytes  10.5 Mbits/sec   0.216 ms 0/904 (0%) 0.372/0.181/1.859/0.163 ms 904 pps 3520
[  1] 42.0000-43.0000 sec  1.25 MBytes  10.5 Mbits/sec   0.177 ms 0/904 (0%) 0.514/0.182/4.435/0.462 ms 904 pps 2550
[  1] 43.0000-44.0000 sec  1.25 MBytes  10.5 Mbits/sec   0.112 ms 0/904 (0%) 0.403/0.185/2.334/0.212 ms 904 pps 3251
[  1] 44.0000-45.0000 sec  1.25 MBytes  10.5 Mbits/sec   0.051 ms 0/904 (0%) 0.333/0.176/1.548/0.136 ms 904 pps 3938
[  1] 45.0000-46.0000 sec  1.25 MBytes  10.5 Mbits/sec   0.091 ms 0/904 (0%) 0.328/0.175/2.061/0.150 ms 904 pps 4002
[  1] 46.0000-47.0000 sec  1.25 MBytes  10.5 Mbits/sec   0.045 ms 0/904 (0%) 0.323/0.167/1.330/0.115 ms 904 pps 4062
[  1] 47.0000-48.0000 sec  1.25 MBytes  10.5 Mbits/sec   0.040 ms 0/904 (0%) 0.289/0.171/1.610/0.092 ms 904 pps 4537
[  1] 48.0000-49.0000 sec  1.25 MBytes  10.5 Mbits/sec   0.084 ms 0/904 (0%) 0.356/0.176/3.069/0.260 ms 904 pps 3683
[  1] 49.0000-50.0000 sec  1.25 MBytes  10.5 Mbits/sec   0.275 ms 0/904 (0%) 0.458/0.177/3.679/0.376 ms 904 pps 2860
[  1] 50.0000-51.0000 sec  1.25 MBytes  10.5 Mbits/sec   0.098 ms 0/904 (0%) 0.477/0.184/5.372/0.467 ms 903 pps 2751
[  1] 51.0000-52.0000 sec  1.25 MBytes  10.5 Mbits/sec   0.049 ms 0/904 (0%) 0.333/0.168/1.546/0.132 ms 904 pps 3935
[  1] 52.0000-53.0000 sec  1.25 MBytes  10.5 Mbits/sec   0.079 ms 0/904 (0%) 0.397/0.182/2.917/0.244 ms 904 pps 3305
[  1] 53.0000-54.0000 sec  1.25 MBytes  10.5 Mbits/sec   0.051 ms 0/904 (0%) 0.321/0.168/1.173/0.113 ms 904 pps 4077
[  1] 54.0000-55.0000 sec  1.25 MBytes  10.5 Mbits/sec   0.095 ms 0/904 (0%) 0.397/0.192/2.381/0.208 ms 904 pps 3302
[  1] 55.0000-56.0000 sec  1.25 MBytes  10.5 Mbits/sec   0.046 ms 0/903 (0%) 0.332/0.179/2.182/0.147 ms 904 pps 3939
[  1] 56.0000-57.0000 sec  1.25 MBytes  10.5 Mbits/sec   0.036 ms 0/905 (0%) 0.349/0.181/3.166/0.193 ms 904 pps 3762
[  1] 57.0000-58.0000 sec  1.25 MBytes  10.5 Mbits/sec   0.067 ms 0/903 (0%) 0.283/0.169/1.121/0.062 ms 904 pps 4629
[  1] 58.0000-59.0000 sec  1.25 MBytes  10.5 Mbits/sec   0.048 ms 0/904 (0%) 0.303/0.170/1.419/0.101 ms 904 pps 4329
[  1] 59.0000-60.0000 sec  1.25 MBytes  10.5 Mbits/sec   0.068 ms 0/904 (0%) 0.327/0.191/1.382/0.108 ms 904 pps 4009
[  1] 60.0000-61.0000 sec  1.25 MBytes  10.5 Mbits/sec   0.081 ms 0/904 (0%) 0.376/0.170/2.080/0.220 ms 904 pps 3489
[  1] 61.0000-62.0000 sec  1.25 MBytes  10.5 Mbits/sec   0.108 ms 0/904 (0%) 0.338/0.167/1.636/0.139 ms 904 pps 3876
[  1] 62.0000-63.0000 sec  1.25 MBytes  10.5 Mbits/sec   0.261 ms 0/904 (0%) 0.424/0.193/3.309/0.334 ms 904 pps 3092
[  1] 63.0000-64.0000 sec  1.25 MBytes  10.5 Mbits/sec   0.032 ms 0/904 (0%) 0.338/0.182/3.559/0.218 ms 904 pps 3877
[  1] 64.0000-65.0000 sec  1.25 MBytes  10.5 Mbits/sec   0.036 ms 0/904 (0%) 0.333/0.182/2.517/0.167 ms 904 pps 3938
[  1] 65.0000-66.0000 sec  1.25 MBytes  10.5 Mbits/sec   0.223 ms 0/904 (0%) 0.321/0.168/2.114/0.146 ms 904 pps 4085
[  1] 66.0000-67.0000 sec  1.25 MBytes  10.5 Mbits/sec   0.035 ms 0/904 (0%) 0.315/0.189/0.948/0.089 ms 904 pps 4156
[  1] 67.0000-68.0000 sec  1.25 MBytes  10.5 Mbits/sec   0.033 ms 0/904 (0%) 0.338/0.175/1.922/0.136 ms 904 pps 3877
[  1] 68.0000-69.0000 sec  1.25 MBytes  10.5 Mbits/sec   0.049 ms 0/904 (0%) 0.354/0.182/2.461/0.167 ms 904 pps 3702
Waiting for server threads to complete. Interrupt again to force quit.
[  1] 69.0000-69.5774 sec   739 KBytes  10.5 Mbits/sec   0.024 ms 0/522 (0%) 0.301/0.202/0.719/0.052 ms 904 pps 4357
[  1] 0.0000-69.5774 sec  87.0 MBytes  10.5 Mbits/sec   0.024 ms 0/62897 (0%) 0.363/0.158/5.468/0.237 ms 904 pps 3607
[  1] 0.0000-69.5774 sec  4 datagrams received out-of-order
